Predicting for data/build/linux/O3/rosetta_v06_00064_Angles-geometric-normalization-and-conversion_angles-geometric-normalization-and-conversion_stripped (threshold=0.55, post_filter=on, merge_window=4)
Post-filter removed 0 candidate(s).
jt-filter removed 0 candidate(s).
leaf-rescue added 8 candidate(s).
aligned-rescue added 0 candidate(s).
wrapper-shift adjusted 0 candidate(s).
ret-stub adjusted 0 candidate(s).
Wrote predictions -> out/rosetta_v06_00064_Angles-geometric-normalization-and-conversion_angles-geometric-normalization-and-conversion.json (16 functions).
TP=16 FP=0 FN=6  |  P=1.000 R=0.727 F1=0.842 (tol=8) | mean_err=0.0 median_err=0.0
Predicting for data/build/linux/O3/rosetta_v06_00120_Averages-Median_averages-median-1_stripped (threshold=0.55, post_filter=on, merge_window=4)
Post-filter removed 0 candidate(s).
jt-filter removed 0 candidate(s).
leaf-rescue added 0 candidate(s).
aligned-rescue added 0 candidate(s).
wrapper-shift adjusted 0 candidate(s).
ret-stub adjusted 0 candidate(s).
Wrote predictions -> out/rosetta_v06_00120_Averages-Median_averages-median-1.json (11 functions).
TP=11 FP=0 FN=0  |  P=1.000 R=1.000 F1=1.000 (tol=8) | mean_err=0.0 median_err=0.0
Predicting for data/build/linux/O3/rosetta_v06_00014_24-game_24-game_stripped (threshold=0.55, post_filter=on, merge_window=4)
Post-filter removed 0 candidate(s).
jt-filter removed 0 candidate(s).
leaf-rescue added 0 candidate(s).
aligned-rescue added 0 candidate(s).
wrapper-shift adjusted 1 candidate(s).
ret-stub adjusted 1 candidate(s).
Wrote predictions -> out/rosetta_v06_00014_24-game_24-game.json (22 functions).
TP=20 FP=2 FN=5  |  P=0.909 R=0.800 F1=0.851 (tol=8) | mean_err=0.0 median_err=0.0
Predicting for data/build/linux/O3/rosetta_v06_01593_World-Cup-group-stage_world-cup-group-stage_stripped (threshold=0.55, post_filter=on, merge_window=4)
Post-filter removed 0 candidate(s).
jt-filter removed 0 candidate(s).
leaf-rescue added 0 candidate(s).
aligned-rescue added 0 candidate(s).
wrapper-shift adjusted 0 candidate(s).
ret-stub adjusted 0 candidate(s).
Wrote predictions -> out/rosetta_v06_01593_World-Cup-group-stage_world-cup-group-stage.json (12 functions).
TP=11 FP=1 FN=0  |  P=0.917 R=1.000 F1=0.957 (tol=8) | mean_err=0.0 median_err=0.0
Predicting for data/build/linux/O3/rosetta_v06_01205_Reverse-a-string_reverse-a-string-1_stripped (threshold=0.55, post_filter=on, merge_window=4)
Post-filter removed 0 candidate(s).
jt-filter removed 0 candidate(s).
leaf-rescue added 0 candidate(s).
aligned-rescue added 0 candidate(s).
wrapper-shift adjusted 0 candidate(s).
ret-stub adjusted 0 candidate(s).
Wrote predictions -> out/rosetta_v06_01205_Reverse-a-string_reverse-a-string-1.json (12 functions).
TP=12 FP=0 FN=1  |  P=1.000 R=0.923 F1=0.960 (tol=8) | mean_err=0.0 median_err=0.0
Predicting for data/build/linux/O3/rosetta_v06_00471_Extensible-prime-generator_extensible-prime-generator-1_stripped (threshold=0.55, post_filter=on, merge_window=4)
Post-filter removed 0 candidate(s).
jt-filter removed 0 candidate(s).
leaf-rescue added 0 candidate(s).
aligned-rescue added 0 candidate(s).
wrapper-shift adjusted 0 candidate(s).
ret-stub adjusted 0 candidate(s).
Wrote predictions -> out/rosetta_v06_00471_Extensible-prime-generator_extensible-prime-generator-1.json (13 functions).
TP=12 FP=1 FN=0  |  P=0.923 R=1.000 F1=0.960 (tol=8) | mean_err=0.0 median_err=0.0
Predicting for data/build/linux/O3/rosetta_v06_01204_Return-multiple-values_return-multiple-values-2_stripped (threshold=0.55, post_filter=on, merge_window=4)
Post-filter removed 0 candidate(s).
jt-filter removed 0 candidate(s).
leaf-rescue added 0 candidate(s).
aligned-rescue added 0 candidate(s).
wrapper-shift adjusted 0 candidate(s).
ret-stub adjusted 0 candidate(s).
Wrote predictions -> out/rosetta_v06_01204_Return-multiple-values_return-multiple-values-2.json (10 functions).
TP=10 FP=0 FN=0  |  P=1.000 R=1.000 F1=1.000 (tol=8) | mean_err=0.0 median_err=0.0
Predicting for data/build/linux/O3/rosetta_v06_00043_Ackermann-function_ackermann-function-1_stripped (threshold=0.55, post_filter=on, merge_window=4)
Post-filter removed 0 candidate(s).
jt-filter removed 0 candidate(s).
leaf-rescue added 0 candidate(s).
aligned-rescue added 0 candidate(s).
wrapper-shift adjusted 0 candidate(s).
ret-stub adjusted 0 candidate(s).
Wrote predictions -> out/rosetta_v06_00043_Ackermann-function_ackermann-function-1.json (11 functions).
TP=10 FP=1 FN=0  |  P=0.909 R=1.000 F1=0.952 (tol=8) | mean_err=0.0 median_err=0.0
Predicting for data/build/linux/O3/rosetta_v06_00692_Imaginary-base-numbers_imaginary-base-numbers_stripped (threshold=0.55, post_filter=on, merge_window=4)
Post-filter removed 0 candidate(s).
jt-filter removed 0 candidate(s).
leaf-rescue added 0 candidate(s).
aligned-rescue added 2 candidate(s).
wrapper-shift adjusted 0 candidate(s).
ret-stub adjusted 0 candidate(s).
Wrote predictions -> out/rosetta_v06_00692_Imaginary-base-numbers_imaginary-base-numbers.json (17 functions).
TP=16 FP=1 FN=7  |  P=0.941 R=0.696 F1=0.800 (tol=8) | mean_err=0.0 median_err=0.0
Predicting for data/build/linux/O3/rosetta_v06_00131_Balanced-brackets_balanced-brackets-1_stripped (threshold=0.55, post_filter=on, merge_window=4)
Post-filter removed 0 candidate(s).
jt-filter removed 0 candidate(s).
leaf-rescue added 0 candidate(s).
aligned-rescue added 0 candidate(s).
wrapper-shift adjusted 0 candidate(s).
ret-stub adjusted 1 candidate(s).
Wrote predictions -> out/rosetta_v06_00131_Balanced-brackets_balanced-brackets-1.json (13 functions).
TP=13 FP=0 FN=0  |  P=1.000 R=1.000 F1=1.000 (tol=8) | mean_err=0.3 median_err=0.0
Predicting for data/build/linux/O3/rosetta_v06_00924_Munching-squares_munching-squares_stripped (threshold=0.55, post_filter=on, merge_window=4)
Post-filter removed 0 candidate(s).
jt-filter removed 0 candidate(s).
leaf-rescue added 0 candidate(s).
aligned-rescue added 0 candidate(s).
wrapper-shift adjusted 0 candidate(s).
ret-stub adjusted 0 candidate(s).
Wrote predictions -> out/rosetta_v06_00924_Munching-squares_munching-squares.json (10 functions).
TP=10 FP=0 FN=0  |  P=1.000 R=1.000 F1=1.000 (tol=8) | mean_err=0.0 median_err=0.0
Predicting for data/build/linux/O3/rosetta_v06_01059_Permutations-Derangements_permutations-derangements_stripped (threshold=0.55, post_filter=on, merge_window=4)
Post-filter removed 0 candidate(s).
jt-filter removed 0 candidate(s).
leaf-rescue added 0 candidate(s).
aligned-rescue added 0 candidate(s).
wrapper-shift adjusted 0 candidate(s).
ret-stub adjusted 0 candidate(s).
Wrote predictions -> out/rosetta_v06_01059_Permutations-Derangements_permutations-derangements.json (14 functions).
TP=14 FP=0 FN=0  |  P=1.000 R=1.000 F1=1.000 (tol=8) | mean_err=0.0 median_err=0.0
Predicting for data/build/linux/O3/rosetta_v06_00897_Mind-boggling-card-trick_mind-boggling-card-trick_stripped (threshold=0.55, post_filter=on, merge_window=4)
Post-filter removed 0 candidate(s).
jt-filter removed 0 candidate(s).
leaf-rescue added 0 candidate(s).
aligned-rescue added 1 candidate(s).
wrapper-shift adjusted 0 candidate(s).
ret-stub adjusted 0 candidate(s).
Wrote predictions -> out/rosetta_v06_00897_Mind-boggling-card-trick_mind-boggling-card-trick.json (15 functions).
TP=13 FP=2 FN=1  |  P=0.867 R=0.929 F1=0.897 (tol=8) | mean_err=0.0 median_err=0.0
Predicting for data/build/linux/O3/rosetta_v06_00764_Last-Friday-of-each-month_last-friday-of-each-month_stripped (threshold=0.55, post_filter=on, merge_window=4)
Post-filter removed 0 candidate(s).
jt-filter removed 0 candidate(s).
leaf-rescue added 0 candidate(s).
aligned-rescue added 0 candidate(s).
wrapper-shift adjusted 0 candidate(s).
ret-stub adjusted 0 candidate(s).
Wrote predictions -> out/rosetta_v06_00764_Last-Friday-of-each-month_last-friday-of-each-month.json (10 functions).
TP=9 FP=1 FN=0  |  P=0.900 R=1.000 F1=0.947 (tol=8) | mean_err=0.0 median_err=0.0
Predicting for data/build/linux/O3/rosetta_v06_01597_Write-float-arrays-to-a-text-file_write-float-arrays-to-a-text-file-1_stripped (threshold=0.55, post_filter=on, merge_window=4)
Post-filter removed 0 candidate(s).
jt-filter removed 0 candidate(s).
leaf-rescue added 0 candidate(s).
aligned-rescue added 0 candidate(s).
wrapper-shift adjusted 0 candidate(s).
ret-stub adjusted 0 candidate(s).
Wrote predictions -> out/rosetta_v06_01597_Write-float-arrays-to-a-text-file_write-float-arrays-to-a-text-file-1.json (9 functions).
TP=9 FP=0 FN=0  |  P=1.000 R=1.000 F1=1.000 (tol=8) | mean_err=0.0 median_err=0.0
Predicting for data/build/linux/O3/rosetta_v06_01489_Tic-tac-toe_tic-tac-toe_stripped (threshold=0.55, post_filter=on, merge_window=4)
Post-filter removed 0 candidate(s).
jt-filter removed 0 candidate(s).
leaf-rescue added 0 candidate(s).
aligned-rescue added 0 candidate(s).
wrapper-shift adjusted 0 candidate(s).
ret-stub adjusted 0 candidate(s).
Wrote predictions -> out/rosetta_v06_01489_Tic-tac-toe_tic-tac-toe.json (13 functions).
TP=13 FP=0 FN=1  |  P=1.000 R=0.929 F1=0.963 (tol=8) | mean_err=0.0 median_err=0.0
Predicting for data/build/linux/O3/rosetta_v06_00638_Halt-and-catch-fire_halt-and-catch-fire_stripped (threshold=0.55, post_filter=on, merge_window=4)
Post-filter removed 0 candidate(s).
jt-filter removed 0 candidate(s).
leaf-rescue added 0 candidate(s).
aligned-rescue added 0 candidate(s).
wrapper-shift adjusted 0 candidate(s).
ret-stub adjusted 0 candidate(s).
Wrote predictions -> out/rosetta_v06_00638_Halt-and-catch-fire_halt-and-catch-fire.json (9 functions).
TP=9 FP=0 FN=0  |  P=1.000 R=1.000 F1=1.000 (tol=8) | mean_err=0.0 median_err=0.0
Predicting for data/build/linux/O3/rosetta_v06_00411_Dutch-national-flag-problem_dutch-national-flag-problem_stripped (threshold=0.55, post_filter=on, merge_window=4)
Post-filter removed 0 candidate(s).
jt-filter removed 0 candidate(s).
leaf-rescue added 0 candidate(s).
aligned-rescue added 0 candidate(s).
wrapper-shift adjusted 0 candidate(s).
ret-stub adjusted 0 candidate(s).
Wrote predictions -> out/rosetta_v06_00411_Dutch-national-flag-problem_dutch-national-flag-problem.json (12 functions).
TP=11 FP=1 FN=1  |  P=0.917 R=0.917 F1=0.917 (tol=8) | mean_err=0.0 median_err=0.0
Predicting for data/build/linux/O3/rosetta_v06_01438_Summarize-and-say-sequence_summarize-and-say-sequence_stripped (threshold=0.55, post_filter=on, merge_window=4)
Post-filter removed 0 candidate(s).
jt-filter removed 0 candidate(s).
leaf-rescue added 0 candidate(s).
aligned-rescue added 0 candidate(s).
wrapper-shift adjusted 0 candidate(s).
ret-stub adjusted 0 candidate(s).
Wrote predictions -> out/rosetta_v06_01438_Summarize-and-say-sequence_summarize-and-say-sequence.json (14 functions).
TP=13 FP=1 FN=0  |  P=0.929 R=1.000 F1=0.963 (tol=8) | mean_err=0.0 median_err=0.0
Predicting for data/build/linux/O3/rosetta_v06_00866_Mayan-numerals_mayan-numerals_stripped (threshold=0.55, post_filter=on, merge_window=4)
Post-filter removed 0 candidate(s).
jt-filter removed 0 candidate(s).
leaf-rescue added 0 candidate(s).
aligned-rescue added 1 candidate(s).
wrapper-shift adjusted 0 candidate(s).
ret-stub adjusted 0 candidate(s).
Wrote predictions -> out/rosetta_v06_00866_Mayan-numerals_mayan-numerals.json (12 functions).
TP=11 FP=1 FN=1  |  P=0.917 R=0.917 F1=0.917 (tol=8) | mean_err=0.0 median_err=0.0
Predicting for data/build/linux/O3/rosetta_v06_01242_Scope-Function-names-and-labels_scope-function-names-and-labels_stripped (threshold=0.55, post_filter=on, merge_window=4)
Post-filter removed 0 candidate(s).
jt-filter removed 0 candidate(s).
leaf-rescue added 0 candidate(s).
aligned-rescue added 0 candidate(s).
wrapper-shift adjusted 0 candidate(s).
ret-stub adjusted 0 candidate(s).
Wrote predictions -> out/rosetta_v06_01242_Scope-Function-names-and-labels_scope-function-names-and-labels.json (9 functions).
TP=9 FP=0 FN=1  |  P=1.000 R=0.900 F1=0.947 (tol=8) | mean_err=0.4 median_err=0.0
Predicting for data/build/linux/O3/rosetta_v06_01498_Topological-sort_topological-sort-1_stripped (threshold=0.55, post_filter=on, merge_window=4)
Post-filter removed 0 candidate(s).
jt-filter removed 0 candidate(s).
leaf-rescue added 0 candidate(s).
aligned-rescue added 0 candidate(s).
wrapper-shift adjusted 0 candidate(s).
ret-stub adjusted 0 candidate(s).
Wrote predictions -> out/rosetta_v06_01498_Topological-sort_topological-sort-1.json (13 functions).
TP=13 FP=0 FN=0  |  P=1.000 R=1.000 F1=1.000 (tol=8) | mean_err=0.4 median_err=0.0
Predicting for data/build/linux/O3/rosetta_v06_00973_Numbers-which-are-the-cube-roots-of-the-product-of-their-proper-divisors_numbers-which-are-the-cube-roots-of-the-product-of-their-proper-divisors_stripped (threshold=0.55, post_filter=on, merge_window=4)
Post-filter removed 0 candidate(s).
jt-filter removed 0 candidate(s).
leaf-rescue added 0 candidate(s).
aligned-rescue added 0 candidate(s).
wrapper-shift adjusted 0 candidate(s).
ret-stub adjusted 1 candidate(s).
Wrote predictions -> out/rosetta_v06_00973_Numbers-which-are-the-cube-roots-of-the-product-of-their-proper-divisors_numbers-which-are-the-cube-roots-of-the-product-of-their-proper-divisors.json (10 functions).
TP=10 FP=0 FN=0  |  P=1.000 R=1.000 F1=1.000 (tol=8) | mean_err=0.0 median_err=0.0
Predicting for data/build/linux/O3/rosetta_v06_00262_Combinations_combinations-2_stripped (threshold=0.55, post_filter=on, merge_window=4)
Post-filter removed 0 candidate(s).
jt-filter removed 0 candidate(s).
leaf-rescue added 0 candidate(s).
aligned-rescue added 0 candidate(s).
wrapper-shift adjusted 0 candidate(s).
ret-stub adjusted 0 candidate(s).
Wrote predictions -> out/rosetta_v06_00262_Combinations_combinations-2.json (11 functions).
TP=10 FP=1 FN=0  |  P=0.909 R=1.000 F1=0.952 (tol=8) | mean_err=0.0 median_err=0.0
Predicting for data/build/linux/O3/rosetta_v06_00257_Colorful-numbers_colorful-numbers_stripped (threshold=0.55, post_filter=on, merge_window=4)
Post-filter removed 0 candidate(s).
jt-filter removed 0 candidate(s).
leaf-rescue added 0 candidate(s).
aligned-rescue added 0 candidate(s).
wrapper-shift adjusted 0 candidate(s).
ret-stub adjusted 0 candidate(s).
Wrote predictions -> out/rosetta_v06_00257_Colorful-numbers_colorful-numbers.json (11 functions).
TP=11 FP=0 FN=0  |  P=1.000 R=1.000 F1=1.000 (tol=8) | mean_err=0.0 median_err=0.0
Predicting for data/build/linux/O3/rosetta_v06_00141_Best-shuffle_best-shuffle-1_stripped (threshold=0.55, post_filter=on, merge_window=4)
Post-filter removed 0 candidate(s).
jt-filter removed 0 candidate(s).
leaf-rescue added 0 candidate(s).
aligned-rescue added 0 candidate(s).
wrapper-shift adjusted 0 candidate(s).
ret-stub adjusted 0 candidate(s).
Wrote predictions -> out/rosetta_v06_00141_Best-shuffle_best-shuffle-1.json (13 functions).
TP=12 FP=1 FN=3  |  P=0.923 R=0.800 F1=0.857 (tol=8) | mean_err=0.0 median_err=0.0
Predicting for data/build/linux/O3/rosetta_v06_00995_Ordered-words_ordered-words-3_stripped (threshold=0.55, post_filter=on, merge_window=4)
Post-filter removed 0 candidate(s).
jt-filter removed 0 candidate(s).
leaf-rescue added 0 candidate(s).
aligned-rescue added 0 candidate(s).
wrapper-shift adjusted 0 candidate(s).
ret-stub adjusted 0 candidate(s).
Wrote predictions -> out/rosetta_v06_00995_Ordered-words_ordered-words-3.json (10 functions).
TP=10 FP=0 FN=1  |  P=1.000 R=0.909 F1=0.952 (tol=8) | mean_err=0.0 median_err=0.0
Predicting for data/build/linux/O3/rosetta_v06_01564_Verify-distribution-uniformity-Naive_verify-distribution-uniformity-naive_stripped (threshold=0.55, post_filter=on, merge_window=4)
Post-filter removed 0 candidate(s).
jt-filter removed 0 candidate(s).
leaf-rescue added 0 candidate(s).
aligned-rescue added 0 candidate(s).
wrapper-shift adjusted 0 candidate(s).
ret-stub adjusted 0 candidate(s).
Wrote predictions -> out/rosetta_v06_01564_Verify-distribution-uniformity-Naive_verify-distribution-uniformity-naive.json (10 functions).
TP=10 FP=0 FN=0  |  P=1.000 R=1.000 F1=1.000 (tol=8) | mean_err=0.0 median_err=0.0
Predicting for data/build/linux/O3/rosetta_v06_00493_Feigenbaum-constant-calculation_feigenbaum-constant-calculation_stripped (threshold=0.55, post_filter=on, merge_window=4)
Post-filter removed 0 candidate(s).
jt-filter removed 0 candidate(s).
leaf-rescue added 0 candidate(s).
aligned-rescue added 0 candidate(s).
wrapper-shift adjusted 0 candidate(s).
ret-stub adjusted 0 candidate(s).
Wrote predictions -> out/rosetta_v06_00493_Feigenbaum-constant-calculation_feigenbaum-constant-calculation.json (10 functions).
TP=10 FP=0 FN=0  |  P=1.000 R=1.000 F1=1.000 (tol=8) | mean_err=0.0 median_err=0.0
Predicting for data/build/linux/O3/rosetta_v06_00118_Averages-Mean-angle_averages-mean-angle_stripped (threshold=0.55, post_filter=on, merge_window=4)
Post-filter removed 0 candidate(s).
jt-filter removed 0 candidate(s).
leaf-rescue added 0 candidate(s).
aligned-rescue added 0 candidate(s).
wrapper-shift adjusted 0 candidate(s).
ret-stub adjusted 0 candidate(s).
Wrote predictions -> out/rosetta_v06_00118_Averages-Mean-angle_averages-mean-angle.json (8 functions).
TP=8 FP=0 FN=0  |  P=1.000 R=1.000 F1=1.000 (tol=8) | mean_err=0.0 median_err=0.0
Predicting for data/build/linux/O3/rosetta_v06_00629_Guess-the-number_guess-the-number_stripped (threshold=0.55, post_filter=on, merge_window=4)
Post-filter removed 0 candidate(s).
jt-filter removed 0 candidate(s).
leaf-rescue added 0 candidate(s).
aligned-rescue added 0 candidate(s).
wrapper-shift adjusted 0 candidate(s).
ret-stub adjusted 0 candidate(s).
Wrote predictions -> out/rosetta_v06_00629_Guess-the-number_guess-the-number.json (9 functions).
TP=9 FP=0 FN=0  |  P=1.000 R=1.000 F1=1.000 (tol=8) | mean_err=0.0 median_err=0.0
Predicting for data/build/linux/O3/rosetta_v06_00039_Accumulator-factory_accumulator-factory_stripped (threshold=0.55, post_filter=on, merge_window=4)
Post-filter removed 0 candidate(s).
jt-filter removed 0 candidate(s).
leaf-rescue added 1 candidate(s).
aligned-rescue added 0 candidate(s).
wrapper-shift adjusted 0 candidate(s).
ret-stub adjusted 0 candidate(s).
Wrote predictions -> out/rosetta_v06_00039_Accumulator-factory_accumulator-factory.json (8 functions).
TP=8 FP=0 FN=2  |  P=1.000 R=0.800 F1=0.889 (tol=8) | mean_err=0.0 median_err=0.0
Predicting for data/build/linux/O3/rosetta_v06_00001_100-doors_100-doors-1_stripped (threshold=0.55, post_filter=on, merge_window=4)
Post-filter removed 0 candidate(s).
jt-filter removed 0 candidate(s).
leaf-rescue added 0 candidate(s).
aligned-rescue added 0 candidate(s).
wrapper-shift adjusted 0 candidate(s).
ret-stub adjusted 0 candidate(s).
Wrote predictions -> out/rosetta_v06_00001_100-doors_100-doors-1.json (9 functions).
TP=9 FP=0 FN=0  |  P=1.000 R=1.000 F1=1.000 (tol=8) | mean_err=0.0 median_err=0.0
Predicting for data/build/linux/O3/rosetta_v06_01104_Prime-decomposition_prime-decomposition-4_stripped (threshold=0.55, post_filter=on, merge_window=4)
Post-filter removed 0 candidate(s).
jt-filter removed 0 candidate(s).
leaf-rescue added 0 candidate(s).
aligned-rescue added 0 candidate(s).
wrapper-shift adjusted 0 candidate(s).
ret-stub adjusted 0 candidate(s).
Wrote predictions -> out/rosetta_v06_01104_Prime-decomposition_prime-decomposition-4.json (15 functions).
TP=14 FP=1 FN=1  |  P=0.933 R=0.933 F1=0.933 (tol=8) | mean_err=0.0 median_err=0.0
Predicting for data/build/linux/O3/rosetta_v06_00330_Create-a-two-dimensional-array-at-runtime_create-a-two-dimensional-array-at-runtime-1_stripped (threshold=0.55, post_filter=on, merge_window=4)
Post-filter removed 0 candidate(s).
jt-filter removed 0 candidate(s).
leaf-rescue added 0 candidate(s).
aligned-rescue added 0 candidate(s).
wrapper-shift adjusted 0 candidate(s).
ret-stub adjusted 0 candidate(s).
Wrote predictions -> out/rosetta_v06_00330_Create-a-two-dimensional-array-at-runtime_create-a-two-dimensional-array-at-runtime-1.json (9 functions).
TP=9 FP=0 FN=0  |  P=1.000 R=1.000 F1=1.000 (tol=8) | mean_err=0.0 median_err=0.0
Predicting for data/build/linux/O3/rosetta_v06_00765_Last-letter-first-letter_last-letter-first-letter-1_stripped (threshold=0.55, post_filter=on, merge_window=4)
Post-filter removed 0 candidate(s).
jt-filter removed 0 candidate(s).
leaf-rescue added 0 candidate(s).
aligned-rescue added 0 candidate(s).
wrapper-shift adjusted 0 candidate(s).
ret-stub adjusted 0 candidate(s).
Wrote predictions -> out/rosetta_v06_00765_Last-letter-first-letter_last-letter-first-letter-1.json (11 functions).
TP=11 FP=0 FN=0  |  P=1.000 R=1.000 F1=1.000 (tol=8) | mean_err=0.0 median_err=0.0
Predicting for data/build/linux/O3/rosetta_v06_01480_Text-processing-Max-licenses-in-use_text-processing-max-licenses-in-use-2_stripped (threshold=0.55, post_filter=on, merge_window=4)
Post-filter removed 0 candidate(s).
jt-filter removed 0 candidate(s).
leaf-rescue added 0 candidate(s).
aligned-rescue added 0 candidate(s).
wrapper-shift adjusted 0 candidate(s).
ret-stub adjusted 0 candidate(s).
Wrote predictions -> out/rosetta_v06_01480_Text-processing-Max-licenses-in-use_text-processing-max-licenses-in-use-2.json (10 functions).
TP=10 FP=0 FN=0  |  P=1.000 R=1.000 F1=1.000 (tol=8) | mean_err=0.0 median_err=0.0
Predicting for data/build/linux/O3/rosetta_v06_01599_Write-language-name-in-3D-ASCII_write-language-name-in-3d-ascii_stripped (threshold=0.55, post_filter=on, merge_window=4)
Post-filter removed 0 candidate(s).
jt-filter removed 0 candidate(s).
leaf-rescue added 0 candidate(s).
aligned-rescue added 0 candidate(s).
wrapper-shift adjusted 0 candidate(s).
ret-stub adjusted 0 candidate(s).
Wrote predictions -> out/rosetta_v06_01599_Write-language-name-in-3D-ASCII_write-language-name-in-3d-ascii.json (9 functions).
TP=9 FP=0 FN=0  |  P=1.000 R=1.000 F1=1.000 (tol=8) | mean_err=0.0 median_err=0.0
Predicting for data/build/linux/O3/rosetta_v06_01532_Unprimeable-numbers_unprimeable-numbers_stripped (threshold=0.55, post_filter=on, merge_window=4)
Post-filter removed 0 candidate(s).
jt-filter removed 0 candidate(s).
leaf-rescue added 0 candidate(s).
aligned-rescue added 0 candidate(s).
wrapper-shift adjusted 0 candidate(s).
ret-stub adjusted 1 candidate(s).
Wrote predictions -> out/rosetta_v06_01532_Unprimeable-numbers_unprimeable-numbers.json (22 functions).
TP=21 FP=1 FN=6  |  P=0.955 R=0.778 F1=0.857 (tol=8) | mean_err=0.0 median_err=0.0
Predicting for data/build/linux/O3/rosetta_v06_01449_Take-notes-on-the-command-line_take-notes-on-the-command-line_stripped (threshold=0.55, post_filter=on, merge_window=4)
Post-filter removed 0 candidate(s).
jt-filter removed 0 candidate(s).
leaf-rescue added 0 candidate(s).
aligned-rescue added 0 candidate(s).
wrapper-shift adjusted 0 candidate(s).
ret-stub adjusted 0 candidate(s).
Wrote predictions -> out/rosetta_v06_01449_Take-notes-on-the-command-line_take-notes-on-the-command-line.json (9 functions).
TP=9 FP=0 FN=0  |  P=1.000 R=1.000 F1=1.000 (tol=8) | mean_err=0.0 median_err=0.0
Predicting for data/build/linux/O3/rosetta_v06_00611_Gotchas_gotchas-8_stripped (threshold=0.55, post_filter=on, merge_window=4)
Post-filter removed 0 candidate(s).
jt-filter removed 0 candidate(s).
leaf-rescue added 0 candidate(s).
aligned-rescue added 0 candidate(s).
wrapper-shift adjusted 0 candidate(s).
ret-stub adjusted 0 candidate(s).
Wrote predictions -> out/rosetta_v06_00611_Gotchas_gotchas-8.json (7 functions).
TP=7 FP=0 FN=0  |  P=1.000 R=1.000 F1=1.000 (tol=8) | mean_err=0.0 median_err=0.0
Predicting for data/build/linux/O3/rosetta_v06_01280_Sierpinski-carpet_sierpinski-carpet-3_stripped (threshold=0.55, post_filter=on, merge_window=4)
Post-filter removed 0 candidate(s).
jt-filter removed 0 candidate(s).
leaf-rescue added 0 candidate(s).
aligned-rescue added 0 candidate(s).
wrapper-shift adjusted 0 candidate(s).
ret-stub adjusted 0 candidate(s).
Wrote predictions -> out/rosetta_v06_01280_Sierpinski-carpet_sierpinski-carpet-3.json (14 functions).
TP=13 FP=1 FN=1  |  P=0.929 R=0.929 F1=0.929 (tol=8) | mean_err=0.3 median_err=0.0
Predicting for data/build/linux/O3/rosetta_v06_00217_Call-an-object-method_call-an-object-method_stripped (threshold=0.55, post_filter=on, merge_window=4)
Post-filter removed 0 candidate(s).
jt-filter removed 0 candidate(s).
leaf-rescue added 0 candidate(s).
aligned-rescue added 0 candidate(s).
wrapper-shift adjusted 0 candidate(s).
ret-stub adjusted 0 candidate(s).
Wrote predictions -> out/rosetta_v06_00217_Call-an-object-method_call-an-object-method.json (10 functions).
TP=9 FP=1 FN=1  |  P=0.900 R=0.900 F1=0.900 (tol=8) | mean_err=0.0 median_err=0.0
Predicting for data/build/linux/O3/rosetta_v06_01039_Pells-equation_pells-equation_stripped (threshold=0.55, post_filter=on, merge_window=4)
Post-filter removed 0 candidate(s).
jt-filter removed 0 candidate(s).
leaf-rescue added 0 candidate(s).
aligned-rescue added 0 candidate(s).
wrapper-shift adjusted 0 candidate(s).
ret-stub adjusted 0 candidate(s).
Wrote predictions -> out/rosetta_v06_01039_Pells-equation_pells-equation.json (12 functions).
TP=12 FP=0 FN=0  |  P=1.000 R=1.000 F1=1.000 (tol=8) | mean_err=0.0 median_err=0.0
Predicting for data/build/linux/O3/rosetta_v06_00365_Descending-primes_descending-primes_stripped (threshold=0.55, post_filter=on, merge_window=4)
Post-filter removed 0 candidate(s).
jt-filter removed 0 candidate(s).
leaf-rescue added 0 candidate(s).
aligned-rescue added 0 candidate(s).
wrapper-shift adjusted 0 candidate(s).
ret-stub adjusted 1 candidate(s).
Wrote predictions -> out/rosetta_v06_00365_Descending-primes_descending-primes.json (10 functions).
TP=10 FP=0 FN=0  |  P=1.000 R=1.000 F1=1.000 (tol=8) | mean_err=0.0 median_err=0.0
Predicting for data/build/linux/O3/rosetta_v06_00539_FizzBuzz_fizzbuzz-9_stripped (threshold=0.55, post_filter=on, merge_window=4)
Post-filter removed 0 candidate(s).
jt-filter removed 0 candidate(s).
leaf-rescue added 0 candidate(s).
aligned-rescue added 0 candidate(s).
wrapper-shift adjusted 0 candidate(s).
ret-stub adjusted 0 candidate(s).
Wrote predictions -> out/rosetta_v06_00539_FizzBuzz_fizzbuzz-9.json (9 functions).
TP=9 FP=0 FN=0  |  P=1.000 R=1.000 F1=1.000 (tol=8) | mean_err=0.0 median_err=0.0
Predicting for data/build/linux/O3/rosetta_v06_00006_100-prisoners_100-prisoners_stripped (threshold=0.55, post_filter=on, merge_window=4)
Post-filter removed 0 candidate(s).
jt-filter removed 0 candidate(s).
leaf-rescue added 0 candidate(s).
aligned-rescue added 1 candidate(s).
wrapper-shift adjusted 0 candidate(s).
ret-stub adjusted 1 candidate(s).
Wrote predictions -> out/rosetta_v06_00006_100-prisoners_100-prisoners.json (13 functions).
TP=10 FP=3 FN=3  |  P=0.769 R=0.769 F1=0.769 (tol=8) | mean_err=0.0 median_err=0.0
Predicting for data/build/linux/O3/rosetta_v06_00890_Middle-three-digits_middle-three-digits-1_stripped (threshold=0.55, post_filter=on, merge_window=4)
Post-filter removed 0 candidate(s).
jt-filter removed 0 candidate(s).
leaf-rescue added 0 candidate(s).
aligned-rescue added 0 candidate(s).
wrapper-shift adjusted 0 candidate(s).
ret-stub adjusted 0 candidate(s).
Wrote predictions -> out/rosetta_v06_00890_Middle-three-digits_middle-three-digits-1.json (10 functions).
TP=10 FP=0 FN=0  |  P=1.000 R=1.000 F1=1.000 (tol=8) | mean_err=0.0 median_err=0.0
Predicting for data/build/linux/O3/rosetta_v06_01623_Zhang-Suen-thinning-algorithm_zhang-suen-thinning-algorithm_stripped (threshold=0.55, post_filter=on, merge_window=4)
Post-filter removed 0 candidate(s).
jt-filter removed 0 candidate(s).
leaf-rescue added 0 candidate(s).
aligned-rescue added 0 candidate(s).
wrapper-shift adjusted 0 candidate(s).
ret-stub adjusted 0 candidate(s).
Wrote predictions -> out/rosetta_v06_01623_Zhang-Suen-thinning-algorithm_zhang-suen-thinning-algorithm.json (14 functions).
TP=14 FP=0 FN=2  |  P=1.000 R=0.875 F1=0.933 (tol=8) | mean_err=0.0 median_err=0.0
Predicting for data/build/linux/O3/rosetta_v06_01312_Sockets_sockets_stripped (threshold=0.55, post_filter=on, merge_window=4)
Post-filter removed 0 candidate(s).
jt-filter removed 0 candidate(s).
leaf-rescue added 0 candidate(s).
aligned-rescue added 0 candidate(s).
wrapper-shift adjusted 0 candidate(s).
ret-stub adjusted 0 candidate(s).
Wrote predictions -> out/rosetta_v06_01312_Sockets_sockets.json (9 functions).
TP=9 FP=0 FN=0  |  P=1.000 R=1.000 F1=1.000 (tol=8) | mean_err=0.0 median_err=0.0
Predicting for data/build/linux/O3/rosetta_v06_01396_String-comparison_string-comparison-2_stripped (threshold=0.55, post_filter=on, merge_window=4)
Post-filter removed 0 candidate(s).
jt-filter removed 0 candidate(s).
leaf-rescue added 0 candidate(s).
aligned-rescue added 0 candidate(s).
wrapper-shift adjusted 0 candidate(s).
ret-stub adjusted 0 candidate(s).
Wrote predictions -> out/rosetta_v06_01396_String-comparison_string-comparison-2.json (11 functions).
TP=11 FP=0 FN=0  |  P=1.000 R=1.000 F1=1.000 (tol=8) | mean_err=0.0 median_err=0.0
Predicting for data/build/linux/O3/rosetta_v06_00234_Check-output-device-is-a-terminal_check-output-device-is-a-terminal_stripped (threshold=0.55, post_filter=on, merge_window=4)
Post-filter removed 0 candidate(s).
jt-filter removed 0 candidate(s).
leaf-rescue added 0 candidate(s).
aligned-rescue added 0 candidate(s).
wrapper-shift adjusted 0 candidate(s).
ret-stub adjusted 0 candidate(s).
Wrote predictions -> out/rosetta_v06_00234_Check-output-device-is-a-terminal_check-output-device-is-a-terminal.json (9 functions).
TP=9 FP=0 FN=0  |  P=1.000 R=1.000 F1=1.000 (tol=8) | mean_err=0.0 median_err=0.0
Predicting for data/build/linux/O3/rosetta_v06_01477_Text-processing-2_text-processing-2_stripped (threshold=0.55, post_filter=on, merge_window=4)
Post-filter removed 0 candidate(s).
jt-filter removed 0 candidate(s).
leaf-rescue added 0 candidate(s).
aligned-rescue added 0 candidate(s).
wrapper-shift adjusted 0 candidate(s).
ret-stub adjusted 0 candidate(s).
Wrote predictions -> out/rosetta_v06_01477_Text-processing-2_text-processing-2.json (11 functions).
TP=10 FP=1 FN=1  |  P=0.909 R=0.909 F1=0.909 (tol=8) | mean_err=0.0 median_err=0.0
Predicting for data/build/linux/O3/rosetta_v06_00023_A+B_a+b-3_stripped (threshold=0.55, post_filter=on, merge_window=4)
Post-filter removed 0 candidate(s).
jt-filter removed 0 candidate(s).
leaf-rescue added 0 candidate(s).
aligned-rescue added 0 candidate(s).
wrapper-shift adjusted 0 candidate(s).
ret-stub adjusted 0 candidate(s).
Wrote predictions -> out/rosetta_v06_00023_A+B_a+b-3.json (9 functions).
TP=9 FP=0 FN=0  |  P=1.000 R=1.000 F1=1.000 (tol=8) | mean_err=0.0 median_err=0.0
Predicting for data/build/linux/O3/rosetta_v06_01133_Pseudo-random-numbers-Xorshift-star_pseudo-random-numbers-xorshift-star_stripped (threshold=0.55, post_filter=on, merge_window=4)
Post-filter removed 0 candidate(s).
jt-filter removed 0 candidate(s).
leaf-rescue added 0 candidate(s).
aligned-rescue added 0 candidate(s).
wrapper-shift adjusted 0 candidate(s).
ret-stub adjusted 0 candidate(s).
Wrote predictions -> out/rosetta_v06_01133_Pseudo-random-numbers-Xorshift-star_pseudo-random-numbers-xorshift-star.json (10 functions).
TP=10 FP=0 FN=2  |  P=1.000 R=0.833 F1=0.909 (tol=8) | mean_err=0.0 median_err=0.0
Predicting for data/build/linux/O3/rosetta_v06_00958_Non-continuous-subsequences_non-continuous-subsequences-3_stripped (threshold=0.55, post_filter=on, merge_window=4)
Post-filter removed 0 candidate(s).
jt-filter removed 0 candidate(s).
leaf-rescue added 0 candidate(s).
aligned-rescue added 0 candidate(s).
wrapper-shift adjusted 0 candidate(s).
ret-stub adjusted 0 candidate(s).
Wrote predictions -> out/rosetta_v06_00958_Non-continuous-subsequences_non-continuous-subsequences-3.json (11 functions).
TP=11 FP=0 FN=0  |  P=1.000 R=1.000 F1=1.000 (tol=8) | mean_err=0.0 median_err=0.0
Predicting for data/build/linux/O3/rosetta_v06_01220_Rosetta-Code-Rank-languages-by-popularity_rosetta-code-rank-languages-by-popularity-1_stripped (threshold=0.55, post_filter=on, merge_window=4)
Post-filter removed 0 candidate(s).
jt-filter removed 0 candidate(s).
leaf-rescue added 0 candidate(s).
aligned-rescue added 0 candidate(s).
wrapper-shift adjusted 0 candidate(s).
ret-stub adjusted 0 candidate(s).
Wrote predictions -> out/rosetta_v06_01220_Rosetta-Code-Rank-languages-by-popularity_rosetta-code-rank-languages-by-popularity-1.json (13 functions).
TP=13 FP=0 FN=0  |  P=1.000 R=1.000 F1=1.000 (tol=8) | mean_err=0.0 median_err=0.0
Predicting for data/build/linux/O3/rosetta_v06_00781_List-rooted-trees_list-rooted-trees_stripped (threshold=0.55, post_filter=on, merge_window=4)
Post-filter removed 0 candidate(s).
jt-filter removed 0 candidate(s).
leaf-rescue added 0 candidate(s).
aligned-rescue added 0 candidate(s).
wrapper-shift adjusted 0 candidate(s).
ret-stub adjusted 0 candidate(s).
Wrote predictions -> out/rosetta_v06_00781_List-rooted-trees_list-rooted-trees.json (14 functions).
TP=14 FP=0 FN=0  |  P=1.000 R=1.000 F1=1.000 (tol=8) | mean_err=0.3 median_err=0.0
Predicting for data/build/linux/O3/rosetta_v06_00788_Logistic-curve-fitting-in-epidemiology_logistic-curve-fitting-in-epidemiology_stripped (threshold=0.55, post_filter=on, merge_window=4)
Post-filter removed 0 candidate(s).
jt-filter removed 0 candidate(s).
leaf-rescue added 0 candidate(s).
aligned-rescue added 0 candidate(s).
wrapper-shift adjusted 0 candidate(s).
ret-stub adjusted 0 candidate(s).
Wrote predictions -> out/rosetta_v06_00788_Logistic-curve-fitting-in-epidemiology_logistic-curve-fitting-in-epidemiology.json (12 functions).
TP=12 FP=0 FN=0  |  P=1.000 R=1.000 F1=1.000 (tol=8) | mean_err=0.0 median_err=0.0
Predicting for data/build/linux/O3/rosetta_v06_00130_Babbage-problem_babbage-problem_stripped (threshold=0.55, post_filter=on, merge_window=4)
Post-filter removed 0 candidate(s).
jt-filter removed 0 candidate(s).
leaf-rescue added 0 candidate(s).
aligned-rescue added 0 candidate(s).
wrapper-shift adjusted 0 candidate(s).
ret-stub adjusted 0 candidate(s).
Wrote predictions -> out/rosetta_v06_00130_Babbage-problem_babbage-problem.json (9 functions).
TP=9 FP=0 FN=0  |  P=1.000 R=1.000 F1=1.000 (tol=8) | mean_err=0.0 median_err=0.0
Predicting for data/build/linux/O3/rosetta_v06_01393_Stream-merge_stream-merge_stripped (threshold=0.55, post_filter=on, merge_window=4)
Post-filter removed 0 candidate(s).
jt-filter removed 0 candidate(s).
leaf-rescue added 0 candidate(s).
aligned-rescue added 0 candidate(s).
wrapper-shift adjusted 0 candidate(s).
ret-stub adjusted 0 candidate(s).
Wrote predictions -> out/rosetta_v06_01393_Stream-merge_stream-merge.json (10 functions).
TP=10 FP=0 FN=0  |  P=1.000 R=1.000 F1=1.000 (tol=8) | mean_err=0.0 median_err=0.0
Predicting for data/build/linux/O3/rosetta_v06_00327_Create-a-two-dimensional-array-at-runtime_create-a-two-dimensional-array-at-runtime-5_stripped (threshold=0.55, post_filter=on, merge_window=4)
Post-filter removed 0 candidate(s).
jt-filter removed 0 candidate(s).
leaf-rescue added 0 candidate(s).
aligned-rescue added 0 candidate(s).
wrapper-shift adjusted 0 candidate(s).
ret-stub adjusted 0 candidate(s).
Wrote predictions -> out/rosetta_v06_00327_Create-a-two-dimensional-array-at-runtime_create-a-two-dimensional-array-at-runtime-5.json (9 functions).
TP=9 FP=0 FN=0  |  P=1.000 R=1.000 F1=1.000 (tol=8) | mean_err=0.0 median_err=0.0
Predicting for data/build/linux/O3/rosetta_v06_01285_Sierpinski-triangle_sierpinski-triangle-2_stripped (threshold=0.55, post_filter=on, merge_window=4)
Post-filter removed 0 candidate(s).
jt-filter removed 0 candidate(s).
leaf-rescue added 0 candidate(s).
aligned-rescue added 0 candidate(s).
wrapper-shift adjusted 0 candidate(s).
ret-stub adjusted 0 candidate(s).
Wrote predictions -> out/rosetta_v06_01285_Sierpinski-triangle_sierpinski-triangle-2.json (7 functions).
TP=7 FP=0 FN=0  |  P=1.000 R=1.000 F1=1.000 (tol=8) | mean_err=0.0 median_err=0.0
Predicting for data/build/linux/O3/rosetta_v06_00313_Count-in-factors_count-in-factors_stripped (threshold=0.55, post_filter=on, merge_window=4)
Post-filter removed 0 candidate(s).
jt-filter removed 0 candidate(s).
leaf-rescue added 0 candidate(s).
aligned-rescue added 0 candidate(s).
wrapper-shift adjusted 0 candidate(s).
ret-stub adjusted 0 candidate(s).
Wrote predictions -> out/rosetta_v06_00313_Count-in-factors_count-in-factors.json (11 functions).
TP=9 FP=2 FN=1  |  P=0.818 R=0.900 F1=0.857 (tol=8) | mean_err=0.0 median_err=0.0
Predicting for data/build/linux/O3/rosetta_v06_00224_Casting-out-nines_casting-out-nines_stripped (threshold=0.55, post_filter=on, merge_window=4)
Post-filter removed 0 candidate(s).
jt-filter removed 0 candidate(s).
leaf-rescue added 0 candidate(s).
aligned-rescue added 0 candidate(s).
wrapper-shift adjusted 0 candidate(s).
ret-stub adjusted 0 candidate(s).
Wrote predictions -> out/rosetta_v06_00224_Casting-out-nines_casting-out-nines.json (9 functions).
TP=9 FP=0 FN=0  |  P=1.000 R=1.000 F1=1.000 (tol=8) | mean_err=0.0 median_err=0.0
Predicting for data/build/linux/O3/rosetta_v06_01010_Pangram-checker_pangram-checker-2_stripped (threshold=0.55, post_filter=on, merge_window=4)
Post-filter removed 0 candidate(s).
jt-filter removed 0 candidate(s).
leaf-rescue added 0 candidate(s).
aligned-rescue added 0 candidate(s).
wrapper-shift adjusted 0 candidate(s).
ret-stub adjusted 0 candidate(s).
Wrote predictions -> out/rosetta_v06_01010_Pangram-checker_pangram-checker-2.json (10 functions).
TP=10 FP=0 FN=0  |  P=1.000 R=1.000 F1=1.000 (tol=8) | mean_err=0.0 median_err=0.0
Predicting for data/build/linux/O3/rosetta_v06_01043_Percolation-Bond-percolation_percolation-bond-percolation_stripped (threshold=0.55, post_filter=on, merge_window=4)
Post-filter removed 0 candidate(s).
jt-filter removed 0 candidate(s).
leaf-rescue added 0 candidate(s).
aligned-rescue added 0 candidate(s).
wrapper-shift adjusted 0 candidate(s).
ret-stub adjusted 0 candidate(s).
Wrote predictions -> out/rosetta_v06_01043_Percolation-Bond-percolation_percolation-bond-percolation.json (15 functions).
TP=12 FP=3 FN=2  |  P=0.800 R=0.857 F1=0.828 (tol=8) | mean_err=0.0 median_err=0.0
Predicting for data/build/linux/O3/rosetta_v06_00283_Compile-time-calculation_compile-time-calculation-2_stripped (threshold=0.55, post_filter=on, merge_window=4)
Post-filter removed 0 candidate(s).
jt-filter removed 0 candidate(s).
leaf-rescue added 0 candidate(s).
aligned-rescue added 0 candidate(s).
wrapper-shift adjusted 0 candidate(s).
ret-stub adjusted 0 candidate(s).
Wrote predictions -> out/rosetta_v06_00283_Compile-time-calculation_compile-time-calculation-2.json (9 functions).
TP=9 FP=0 FN=0  |  P=1.000 R=1.000 F1=1.000 (tol=8) | mean_err=0.0 median_err=0.0
Predicting for data/build/linux/O3/rosetta_v06_01519_URL-decoding_url-decoding_stripped (threshold=0.55, post_filter=on, merge_window=4)
Post-filter removed 0 candidate(s).
jt-filter removed 0 candidate(s).
leaf-rescue added 0 candidate(s).
aligned-rescue added 0 candidate(s).
wrapper-shift adjusted 0 candidate(s).
ret-stub adjusted 0 candidate(s).
Wrote predictions -> out/rosetta_v06_01519_URL-decoding_url-decoding.json (10 functions).
TP=10 FP=0 FN=0  |  P=1.000 R=1.000 F1=1.000 (tol=8) | mean_err=0.0 median_err=0.0
Predicting for data/build/linux/O3/rosetta_v06_01197_Repeat_repeat_stripped (threshold=0.55, post_filter=on, merge_window=4)
Post-filter removed 0 candidate(s).
jt-filter removed 0 candidate(s).
leaf-rescue added 0 candidate(s).
aligned-rescue added 0 candidate(s).
wrapper-shift adjusted 0 candidate(s).
ret-stub adjusted 0 candidate(s).
Wrote predictions -> out/rosetta_v06_01197_Repeat_repeat.json (10 functions).
TP=10 FP=0 FN=1  |  P=1.000 R=0.909 F1=0.952 (tol=8) | mean_err=0.4 median_err=0.0
Predicting for data/build/linux/O3/rosetta_v06_01103_Prime-decomposition_prime-decomposition-3_stripped (threshold=0.55, post_filter=on, merge_window=4)
Post-filter removed 0 candidate(s).
jt-filter removed 0 candidate(s).
leaf-rescue added 0 candidate(s).
aligned-rescue added 0 candidate(s).
wrapper-shift adjusted 0 candidate(s).
ret-stub adjusted 0 candidate(s).
Wrote predictions -> out/rosetta_v06_01103_Prime-decomposition_prime-decomposition-3.json (12 functions).
TP=11 FP=1 FN=0  |  P=0.917 R=1.000 F1=0.957 (tol=8) | mean_err=0.0 median_err=0.0
Predicting for data/build/linux/O3/rosetta_v06_01600_Write-to-Windows-event-log_write-to-windows-event-log_stripped (threshold=0.55, post_filter=on, merge_window=4)
Post-filter removed 0 candidate(s).
jt-filter removed 0 candidate(s).
leaf-rescue added 0 candidate(s).
aligned-rescue added 0 candidate(s).
wrapper-shift adjusted 0 candidate(s).
ret-stub adjusted 0 candidate(s).
Wrote predictions -> out/rosetta_v06_01600_Write-to-Windows-event-log_write-to-windows-event-log.json (9 functions).
TP=9 FP=0 FN=0  |  P=1.000 R=1.000 F1=1.000 (tol=8) | mean_err=0.0 median_err=0.0
Predicting for data/build/linux/O3/rosetta_v06_00505_File-input-output_file-input-output-1_stripped (threshold=0.55, post_filter=on, merge_window=4)
Post-filter removed 0 candidate(s).
jt-filter removed 0 candidate(s).
leaf-rescue added 0 candidate(s).
aligned-rescue added 0 candidate(s).
wrapper-shift adjusted 0 candidate(s).
ret-stub adjusted 0 candidate(s).
Wrote predictions -> out/rosetta_v06_00505_File-input-output_file-input-output-1.json (9 functions).
TP=9 FP=0 FN=0  |  P=1.000 R=1.000 F1=1.000 (tol=8) | mean_err=0.0 median_err=0.0
Predicting for data/build/linux/O3/rosetta_v06_01617_Yin-and-yang_yin-and-yang_stripped (threshold=0.55, post_filter=on, merge_window=4)
Post-filter removed 0 candidate(s).
jt-filter removed 0 candidate(s).
leaf-rescue added 0 candidate(s).
aligned-rescue added 0 candidate(s).
wrapper-shift adjusted 0 candidate(s).
ret-stub adjusted 0 candidate(s).
Wrote predictions -> out/rosetta_v06_01617_Yin-and-yang_yin-and-yang.json (10 functions).
TP=10 FP=0 FN=0  |  P=1.000 R=1.000 F1=1.000 (tol=8) | mean_err=0.0 median_err=0.0
Predicting for data/build/linux/O3/rosetta_v06_00542_FizzBuzz_fizzbuzz-4_stripped (threshold=0.55, post_filter=on, merge_window=4)
Post-filter removed 0 candidate(s).
jt-filter removed 0 candidate(s).
leaf-rescue added 0 candidate(s).
aligned-rescue added 0 candidate(s).
wrapper-shift adjusted 0 candidate(s).
ret-stub adjusted 0 candidate(s).
Wrote predictions -> out/rosetta_v06_00542_FizzBuzz_fizzbuzz-4.json (9 functions).
TP=9 FP=0 FN=0  |  P=1.000 R=1.000 F1=1.000 (tol=8) | mean_err=0.0 median_err=0.0
Predicting for data/build/linux/O3/rosetta_v06_00292_Concurrent-computing_concurrent-computing-1_stripped (threshold=0.55, post_filter=on, merge_window=4)
Post-filter removed 0 candidate(s).
jt-filter removed 0 candidate(s).
leaf-rescue added 0 candidate(s).
aligned-rescue added 0 candidate(s).
wrapper-shift adjusted 0 candidate(s).
ret-stub adjusted 0 candidate(s).
Wrote predictions -> out/rosetta_v06_00292_Concurrent-computing_concurrent-computing-1.json (12 functions).
TP=12 FP=0 FN=0  |  P=1.000 R=1.000 F1=1.000 (tol=8) | mean_err=0.0 median_err=0.0
Predicting for data/build/linux/O3/rosetta_v06_00939_N-queens-problem_n-queens-problem-2_stripped (threshold=0.55, post_filter=on, merge_window=4)
Post-filter removed 0 candidate(s).
jt-filter removed 0 candidate(s).
leaf-rescue added 0 candidate(s).
aligned-rescue added 0 candidate(s).
wrapper-shift adjusted 0 candidate(s).
ret-stub adjusted 0 candidate(s).
Wrote predictions -> out/rosetta_v06_00939_N-queens-problem_n-queens-problem-2.json (15 functions).
TP=10 FP=5 FN=0  |  P=0.667 R=1.000 F1=0.800 (tol=8) | mean_err=0.0 median_err=0.0
Predicting for data/build/linux/O3/rosetta_v06_00810_Loops-Foreach_loops-foreach-2_stripped (threshold=0.55, post_filter=on, merge_window=4)
Post-filter removed 0 candidate(s).
jt-filter removed 0 candidate(s).
leaf-rescue added 0 candidate(s).
aligned-rescue added 0 candidate(s).
wrapper-shift adjusted 0 candidate(s).
ret-stub adjusted 0 candidate(s).
Wrote predictions -> out/rosetta_v06_00810_Loops-Foreach_loops-foreach-2.json (9 functions).
TP=9 FP=0 FN=0  |  P=1.000 R=1.000 F1=1.000 (tol=8) | mean_err=0.0 median_err=0.0
Predicting for data/build/linux/O3/rosetta_v06_01022_Parsing-RPN-calculator-algorithm_parsing-rpn-calculator-algorithm-1_stripped (threshold=0.55, post_filter=on, merge_window=4)
Post-filter removed 0 candidate(s).
jt-filter removed 0 candidate(s).
leaf-rescue added 0 candidate(s).
aligned-rescue added 0 candidate(s).
wrapper-shift adjusted 0 candidate(s).
ret-stub adjusted 0 candidate(s).
Wrote predictions -> out/rosetta_v06_01022_Parsing-RPN-calculator-algorithm_parsing-rpn-calculator-algorithm-1.json (13 functions).
TP=11 FP=2 FN=2  |  P=0.846 R=0.846 F1=0.846 (tol=8) | mean_err=0.0 median_err=0.0
Predicting for data/build/linux/O3/rosetta_v06_01342_Sorting-algorithms-Pancake-sort_sorting-algorithms-pancake-sort-2_stripped (threshold=0.55, post_filter=on, merge_window=4)
Post-filter removed 0 candidate(s).
jt-filter removed 0 candidate(s).
leaf-rescue added 0 candidate(s).
aligned-rescue added 0 candidate(s).
wrapper-shift adjusted 0 candidate(s).
ret-stub adjusted 0 candidate(s).
Wrote predictions -> out/rosetta_v06_01342_Sorting-algorithms-Pancake-sort_sorting-algorithms-pancake-sort-2.json (7 functions).
TP=7 FP=0 FN=0  |  P=1.000 R=1.000 F1=1.000 (tol=8) | mean_err=0.0 median_err=0.0
Predicting for data/build/linux/O3/rosetta_v06_00435_Environment-variables_environment-variables_stripped (threshold=0.55, post_filter=on, merge_window=4)
Post-filter removed 0 candidate(s).
jt-filter removed 0 candidate(s).
leaf-rescue added 0 candidate(s).
aligned-rescue added 0 candidate(s).
wrapper-shift adjusted 0 candidate(s).
ret-stub adjusted 0 candidate(s).
Wrote predictions -> out/rosetta_v06_00435_Environment-variables_environment-variables.json (9 functions).
TP=9 FP=0 FN=0  |  P=1.000 R=1.000 F1=1.000 (tol=8) | mean_err=0.0 median_err=0.0
Predicting for data/build/linux/O3/rosetta_v06_00644_Harmonic-series_harmonic-series_stripped (threshold=0.55, post_filter=on, merge_window=4)
Post-filter removed 0 candidate(s).
jt-filter removed 0 candidate(s).
leaf-rescue added 0 candidate(s).
aligned-rescue added 0 candidate(s).
wrapper-shift adjusted 0 candidate(s).
ret-stub adjusted 0 candidate(s).
Wrote predictions -> out/rosetta_v06_00644_Harmonic-series_harmonic-series.json (10 functions).
TP=10 FP=0 FN=0  |  P=1.000 R=1.000 F1=1.000 (tol=8) | mean_err=0.0 median_err=0.0
Predicting for data/build/linux/O3/rosetta_v06_01470_Terminal-control-Unicode-output_terminal-control-unicode-output_stripped (threshold=0.55, post_filter=on, merge_window=4)
Post-filter removed 0 candidate(s).
jt-filter removed 0 candidate(s).
leaf-rescue added 0 candidate(s).
aligned-rescue added 0 candidate(s).
wrapper-shift adjusted 0 candidate(s).
ret-stub adjusted 0 candidate(s).
Wrote predictions -> out/rosetta_v06_01470_Terminal-control-Unicode-output_terminal-control-unicode-output.json (8 functions).
TP=7 FP=1 FN=0  |  P=0.875 R=1.000 F1=0.933 (tol=8) | mean_err=0.0 median_err=0.0
Predicting for data/build/linux/O3/rosetta_v06_01161_Random-number-generator-device-_random-number-generator-device--2_stripped (threshold=0.55, post_filter=on, merge_window=4)
Post-filter removed 0 candidate(s).
jt-filter removed 0 candidate(s).
leaf-rescue added 0 candidate(s).
aligned-rescue added 0 candidate(s).
wrapper-shift adjusted 0 candidate(s).
ret-stub adjusted 0 candidate(s).
Wrote predictions -> out/rosetta_v06_01161_Random-number-generator-device-_random-number-generator-device--2.json (9 functions).
TP=9 FP=0 FN=0  |  P=1.000 R=1.000 F1=1.000 (tol=8) | mean_err=0.0 median_err=0.0
Predicting for data/build/linux/O3/rosetta_v06_00432_Entropy-Narcissist_entropy-narcissist-1_stripped (threshold=0.55, post_filter=on, merge_window=4)
Post-filter removed 0 candidate(s).
jt-filter removed 0 candidate(s).
leaf-rescue added 0 candidate(s).
aligned-rescue added 0 candidate(s).
wrapper-shift adjusted 0 candidate(s).
ret-stub adjusted 0 candidate(s).
Wrote predictions -> out/rosetta_v06_00432_Entropy-Narcissist_entropy-narcissist-1.json (11 functions).
TP=11 FP=0 FN=0  |  P=1.000 R=1.000 F1=1.000 (tol=8) | mean_err=0.4 median_err=0.0
Predicting for data/build/linux/O3/rosetta_v06_00548_Flipping-bits-game_flipping-bits-game_stripped (threshold=0.55, post_filter=on, merge_window=4)
Post-filter removed 0 candidate(s).
jt-filter removed 0 candidate(s).
leaf-rescue added 0 candidate(s).
aligned-rescue added 0 candidate(s).
wrapper-shift adjusted 0 candidate(s).
ret-stub adjusted 0 candidate(s).
Wrote predictions -> out/rosetta_v06_00548_Flipping-bits-game_flipping-bits-game.json (15 functions).
TP=13 FP=2 FN=3  |  P=0.867 R=0.812 F1=0.839 (tol=8) | mean_err=0.6 median_err=0.0
Predicting for data/build/linux/O3/rosetta_v06_00821_Loops-Nested_loops-nested-2_stripped (threshold=0.55, post_filter=on, merge_window=4)
Post-filter removed 0 candidate(s).
jt-filter removed 0 candidate(s).
leaf-rescue added 0 candidate(s).
aligned-rescue added 0 candidate(s).
wrapper-shift adjusted 0 candidate(s).
ret-stub adjusted 0 candidate(s).
Wrote predictions -> out/rosetta_v06_00821_Loops-Nested_loops-nested-2.json (9 functions).
TP=9 FP=0 FN=0  |  P=1.000 R=1.000 F1=1.000 (tol=8) | mean_err=0.0 median_err=0.0
Predicting for data/build/linux/O3/rosetta_v06_00646_Hash-from-two-arrays_hash-from-two-arrays_stripped (threshold=0.55, post_filter=on, merge_window=4)
Post-filter removed 0 candidate(s).
jt-filter removed 0 candidate(s).
leaf-rescue added 1 candidate(s).
aligned-rescue added 0 candidate(s).
wrapper-shift adjusted 0 candidate(s).
ret-stub adjusted 1 candidate(s).
Wrote predictions -> out/rosetta_v06_00646_Hash-from-two-arrays_hash-from-two-arrays.json (17 functions).
TP=17 FP=0 FN=1  |  P=1.000 R=0.944 F1=0.971 (tol=8) | mean_err=0.0 median_err=0.0
Predicting for data/build/linux/O3/rosetta_v06_00114_Atomic-updates_atomic-updates-1_stripped (threshold=0.55, post_filter=on, merge_window=4)
Post-filter removed 0 candidate(s).
jt-filter removed 0 candidate(s).
leaf-rescue added 0 candidate(s).
aligned-rescue added 0 candidate(s).
wrapper-shift adjusted 0 candidate(s).
ret-stub adjusted 0 candidate(s).
Wrote predictions -> out/rosetta_v06_00114_Atomic-updates_atomic-updates-1.json (13 functions).
TP=12 FP=1 FN=1  |  P=0.923 R=0.923 F1=0.923 (tol=8) | mean_err=0.0 median_err=0.0
Predicting for data/build/linux/O3/rosetta_v06_00664_Higher-order-functions_higher-order-functions-1_stripped (threshold=0.55, post_filter=on, merge_window=4)
Post-filter removed 0 candidate(s).
jt-filter removed 0 candidate(s).
leaf-rescue added 0 candidate(s).
aligned-rescue added 0 candidate(s).
wrapper-shift adjusted 0 candidate(s).
ret-stub adjusted 0 candidate(s).
Wrote predictions -> out/rosetta_v06_00664_Higher-order-functions_higher-order-functions-1.json (7 functions).
TP=7 FP=0 FN=0  |  P=1.000 R=1.000 F1=1.000 (tol=8) | mean_err=0.0 median_err=0.0
Predicting for data/build/linux/O3/rosetta_v06_01402_String-length_string-length-3_stripped (threshold=0.55, post_filter=on, merge_window=4)
Post-filter removed 0 candidate(s).
jt-filter removed 0 candidate(s).
leaf-rescue added 0 candidate(s).
aligned-rescue added 0 candidate(s).
wrapper-shift adjusted 0 candidate(s).
ret-stub adjusted 0 candidate(s).
Wrote predictions -> out/rosetta_v06_01402_String-length_string-length-3.json (9 functions).
TP=9 FP=0 FN=0  |  P=1.000 R=1.000 F1=1.000 (tol=8) | mean_err=0.0 median_err=0.0
Predicting for data/build/linux/O3/rosetta_v06_01140_Pythagorean-triples_pythagorean-triples-1_stripped (threshold=0.55, post_filter=on, merge_window=4)
Post-filter removed 0 candidate(s).
jt-filter removed 0 candidate(s).
leaf-rescue added 0 candidate(s).
aligned-rescue added 0 candidate(s).
wrapper-shift adjusted 0 candidate(s).
ret-stub adjusted 0 candidate(s).
Wrote predictions -> out/rosetta_v06_01140_Pythagorean-triples_pythagorean-triples-1.json (9 functions).
TP=9 FP=0 FN=0  |  P=1.000 R=1.000 F1=1.000 (tol=8) | mean_err=0.0 median_err=0.0
Predicting for data/build/linux/O3/rosetta_v06_01409_Strip-a-set-of-characters-from-a-string_strip-a-set-of-characters-from-a-string-2_stripped (threshold=0.55, post_filter=on, merge_window=4)
Post-filter removed 0 candidate(s).
jt-filter removed 0 candidate(s).
leaf-rescue added 0 candidate(s).
aligned-rescue added 0 candidate(s).
wrapper-shift adjusted 0 candidate(s).
ret-stub adjusted 0 candidate(s).
Wrote predictions -> out/rosetta_v06_01409_Strip-a-set-of-characters-from-a-string_strip-a-set-of-characters-from-a-string-2.json (10 functions).
TP=10 FP=0 FN=0  |  P=1.000 R=1.000 F1=1.000 (tol=8) | mean_err=0.0 median_err=0.0
Predicting for data/build/linux/O3/rosetta_v06_01310_Smith-numbers_smith-numbers_stripped (threshold=0.55, post_filter=on, merge_window=4)
Post-filter removed 0 candidate(s).
jt-filter removed 0 candidate(s).
leaf-rescue added 1 candidate(s).
aligned-rescue added 0 candidate(s).
wrapper-shift adjusted 0 candidate(s).
ret-stub adjusted 0 candidate(s).
Wrote predictions -> out/rosetta_v06_01310_Smith-numbers_smith-numbers.json (15 functions).
TP=12 FP=3 FN=2  |  P=0.800 R=0.857 F1=0.828 (tol=8) | mean_err=0.0 median_err=0.0
Predicting for data/build/linux/O3/rosetta_v06_00552_Floyds-triangle_floyds-triangle_stripped (threshold=0.55, post_filter=on, merge_window=4)
Post-filter removed 0 candidate(s).
jt-filter removed 0 candidate(s).
leaf-rescue added 0 candidate(s).
aligned-rescue added 0 candidate(s).
wrapper-shift adjusted 0 candidate(s).
ret-stub adjusted 0 candidate(s).
Wrote predictions -> out/rosetta_v06_00552_Floyds-triangle_floyds-triangle.json (10 functions).
TP=10 FP=0 FN=0  |  P=1.000 R=1.000 F1=1.000 (tol=8) | mean_err=0.0 median_err=0.0
Predicting for data/build/linux/O3/rosetta_v06_00777_Levenshtein-distance_levenshtein-distance-2_stripped (threshold=0.55, post_filter=on, merge_window=4)
Post-filter removed 0 candidate(s).
jt-filter removed 0 candidate(s).
leaf-rescue added 0 candidate(s).
aligned-rescue added 0 candidate(s).
wrapper-shift adjusted 0 candidate(s).
ret-stub adjusted 0 candidate(s).
Wrote predictions -> out/rosetta_v06_00777_Levenshtein-distance_levenshtein-distance-2.json (13 functions).
TP=11 FP=2 FN=1  |  P=0.846 R=0.917 F1=0.880 (tol=8) | mean_err=0.0 median_err=0.0
Predicting for data/build/linux/O3/rosetta_v06_00946_Naming-conventions_naming-conventions-3_stripped (threshold=0.55, post_filter=on, merge_window=4)
Post-filter removed 0 candidate(s).
jt-filter removed 0 candidate(s).
leaf-rescue added 0 candidate(s).
aligned-rescue added 0 candidate(s).
wrapper-shift adjusted 0 candidate(s).
ret-stub adjusted 0 candidate(s).
Wrote predictions -> out/rosetta_v06_00946_Naming-conventions_naming-conventions-3.json (6 functions).
TP=6 FP=0 FN=0  |  P=1.000 R=1.000 F1=1.000 (tol=8) | mean_err=0.0 median_err=0.0
Predicting for data/build/linux/O3/rosetta_v06_01493_Tokenize-a-string-with-escaping_tokenize-a-string-with-escaping_stripped (threshold=0.55, post_filter=on, merge_window=4)
Post-filter removed 0 candidate(s).
jt-filter removed 0 candidate(s).
leaf-rescue added 0 candidate(s).
aligned-rescue added 0 candidate(s).
wrapper-shift adjusted 0 candidate(s).
ret-stub adjusted 0 candidate(s).
Wrote predictions -> out/rosetta_v06_01493_Tokenize-a-string-with-escaping_tokenize-a-string-with-escaping.json (11 functions).
TP=11 FP=0 FN=0  |  P=1.000 R=1.000 F1=1.000 (tol=8) | mean_err=0.0 median_err=0.0
Predicting for data/build/linux/O3/rosetta_v06_01247_Search-in-paragraphs-text_search-in-paragraphs-text_stripped (threshold=0.55, post_filter=on, merge_window=4)
Post-filter removed 0 candidate(s).
jt-filter removed 0 candidate(s).
leaf-rescue added 0 candidate(s).
aligned-rescue added 0 candidate(s).
wrapper-shift adjusted 0 candidate(s).
ret-stub adjusted 0 candidate(s).
Wrote predictions -> out/rosetta_v06_01247_Search-in-paragraphs-text_search-in-paragraphs-text.json (11 functions).
TP=11 FP=0 FN=0  |  P=1.000 R=1.000 F1=1.000 (tol=8) | mean_err=0.0 median_err=0.0
Predicting for data/build/linux/O3/rosetta_v06_00146_Binary-search_binary-search_stripped (threshold=0.55, post_filter=on, merge_window=4)
Post-filter removed 0 candidate(s).
jt-filter removed 0 candidate(s).
leaf-rescue added 0 candidate(s).
aligned-rescue added 0 candidate(s).
wrapper-shift adjusted 0 candidate(s).
ret-stub adjusted 0 candidate(s).
Wrote predictions -> out/rosetta_v06_00146_Binary-search_binary-search.json (7 functions).
TP=7 FP=0 FN=2  |  P=1.000 R=0.778 F1=0.875 (tol=8) | mean_err=0.0 median_err=0.0
Predicting for data/build/linux/O3/rosetta_v06_01327_Sorting-algorithms-Bogosort_sorting-algorithms-bogosort_stripped (threshold=0.55, post_filter=on, merge_window=4)
Post-filter removed 0 candidate(s).
jt-filter removed 0 candidate(s).
leaf-rescue added 0 candidate(s).
aligned-rescue added 0 candidate(s).
wrapper-shift adjusted 0 candidate(s).
ret-stub adjusted 1 candidate(s).
Wrote predictions -> out/rosetta_v06_01327_Sorting-algorithms-Bogosort_sorting-algorithms-bogosort.json (12 functions).
TP=12 FP=0 FN=0  |  P=1.000 R=1.000 F1=1.000 (tol=8) | mean_err=0.3 median_err=0.0
Predicting for data/build/linux/O3/rosetta_v06_01437_Sum-to-100_sum-to-100-2_stripped (threshold=0.55, post_filter=on, merge_window=4)
Post-filter removed 0 candidate(s).
jt-filter removed 0 candidate(s).
leaf-rescue added 0 candidate(s).
aligned-rescue added 0 candidate(s).
wrapper-shift adjusted 0 candidate(s).
ret-stub adjusted 0 candidate(s).
Wrote predictions -> out/rosetta_v06_01437_Sum-to-100_sum-to-100-2.json (10 functions).
TP=10 FP=0 FN=1  |  P=1.000 R=0.909 F1=0.952 (tol=8) | mean_err=0.0 median_err=0.0
Predicting for data/build/linux/O3/rosetta_v06_01372_Stack_stack-2_stripped (threshold=0.55, post_filter=on, merge_window=4)
Post-filter removed 0 candidate(s).
jt-filter removed 0 candidate(s).
leaf-rescue added 0 candidate(s).
aligned-rescue added 0 candidate(s).
wrapper-shift adjusted 0 candidate(s).
ret-stub adjusted 0 candidate(s).
Wrote predictions -> out/rosetta_v06_01372_Stack_stack-2.json (10 functions).
TP=9 FP=1 FN=3  |  P=0.900 R=0.750 F1=0.818 (tol=8) | mean_err=0.0 median_err=0.0
Predicting for data/build/linux/O3/rosetta_v06_00758_Lah-numbers_lah-numbers_stripped (threshold=0.55, post_filter=on, merge_window=4)
Post-filter removed 0 candidate(s).
jt-filter removed 0 candidate(s).
leaf-rescue added 0 candidate(s).
aligned-rescue added 0 candidate(s).
wrapper-shift adjusted 0 candidate(s).
ret-stub adjusted 0 candidate(s).
Wrote predictions -> out/rosetta_v06_00758_Lah-numbers_lah-numbers.json (10 functions).
TP=10 FP=0 FN=1  |  P=1.000 R=0.909 F1=0.952 (tol=8) | mean_err=0.0 median_err=0.0
Predicting for data/build/linux/O3/rosetta_v06_00333_Create-an-object-at-a-given-address_create-an-object-at-a-given-address-1_stripped (threshold=0.55, post_filter=on, merge_window=4)
Post-filter removed 0 candidate(s).
jt-filter removed 0 candidate(s).
leaf-rescue added 0 candidate(s).
aligned-rescue added 0 candidate(s).
wrapper-shift adjusted 0 candidate(s).
ret-stub adjusted 0 candidate(s).
Wrote predictions -> out/rosetta_v06_00333_Create-an-object-at-a-given-address_create-an-object-at-a-given-address-1.json (9 functions).
TP=9 FP=0 FN=0  |  P=1.000 R=1.000 F1=1.000 (tol=8) | mean_err=0.0 median_err=0.0
Predicting for data/build/linux/O3/rosetta_v06_00747_Knapsack-problem-Unbounded_knapsack-problem-unbounded_stripped (threshold=0.55, post_filter=on, merge_window=4)
Post-filter removed 0 candidate(s).
jt-filter removed 0 candidate(s).
leaf-rescue added 0 candidate(s).
aligned-rescue added 0 candidate(s).
wrapper-shift adjusted 0 candidate(s).
ret-stub adjusted 0 candidate(s).
Wrote predictions -> out/rosetta_v06_00747_Knapsack-problem-Unbounded_knapsack-problem-unbounded.json (8 functions).
TP=7 FP=1 FN=1  |  P=0.875 R=0.875 F1=0.875 (tol=8) | mean_err=0.0 median_err=0.0
Predicting for data/build/linux/O3/rosetta_v06_01576_Water-collected-between-towers_water-collected-between-towers_stripped (threshold=0.55, post_filter=on, merge_window=4)
Post-filter removed 0 candidate(s).
jt-filter removed 0 candidate(s).
leaf-rescue added 0 candidate(s).
aligned-rescue added 0 candidate(s).
wrapper-shift adjusted 0 candidate(s).
ret-stub adjusted 0 candidate(s).
Wrote predictions -> out/rosetta_v06_01576_Water-collected-between-towers_water-collected-between-towers.json (11 functions).
TP=11 FP=0 FN=0  |  P=1.000 R=1.000 F1=1.000 (tol=8) | mean_err=0.0 median_err=0.0
Predicting for data/build/linux/O3/rosetta_v06_00206_CUSIP_cusip_stripped (threshold=0.55, post_filter=on, merge_window=4)
Post-filter removed 0 candidate(s).
jt-filter removed 0 candidate(s).
leaf-rescue added 0 candidate(s).
aligned-rescue added 0 candidate(s).
wrapper-shift adjusted 0 candidate(s).
ret-stub adjusted 0 candidate(s).
Wrote predictions -> out/rosetta_v06_00206_CUSIP_cusip.json (11 functions).
TP=10 FP=1 FN=0  |  P=0.909 R=1.000 F1=0.952 (tol=8) | mean_err=0.0 median_err=0.0
Predicting for data/build/linux/O3/rosetta_v06_00466_Exponentiation-order_exponentiation-order_stripped (threshold=0.55, post_filter=on, merge_window=4)
Post-filter removed 0 candidate(s).
jt-filter removed 0 candidate(s).
leaf-rescue added 0 candidate(s).
aligned-rescue added 0 candidate(s).
wrapper-shift adjusted 0 candidate(s).
ret-stub adjusted 0 candidate(s).
Wrote predictions -> out/rosetta_v06_00466_Exponentiation-order_exponentiation-order.json (9 functions).
TP=9 FP=0 FN=0  |  P=1.000 R=1.000 F1=1.000 (tol=8) | mean_err=0.0 median_err=0.0
Predicting for data/build/linux/O3/rosetta_v06_00093_Arithmetic-numbers_arithmetic-numbers_stripped (threshold=0.55, post_filter=on, merge_window=4)
Post-filter removed 0 candidate(s).
jt-filter removed 0 candidate(s).
leaf-rescue added 0 candidate(s).
aligned-rescue added 0 candidate(s).
wrapper-shift adjusted 0 candidate(s).
ret-stub adjusted 1 candidate(s).
Wrote predictions -> out/rosetta_v06_00093_Arithmetic-numbers_arithmetic-numbers.json (10 functions).
TP=10 FP=0 FN=0  |  P=1.000 R=1.000 F1=1.000 (tol=8) | mean_err=0.0 median_err=0.0
Predicting for data/build/linux/O3/rosetta_v06_01442_Superpermutation-minimisation_superpermutation-minimisation_stripped (threshold=0.55, post_filter=on, merge_window=4)
Post-filter removed 0 candidate(s).
jt-filter removed 0 candidate(s).
leaf-rescue added 0 candidate(s).
aligned-rescue added 0 candidate(s).
wrapper-shift adjusted 0 candidate(s).
ret-stub adjusted 0 candidate(s).
Wrote predictions -> out/rosetta_v06_01442_Superpermutation-minimisation_superpermutation-minimisation.json (13 functions).
TP=12 FP=1 FN=0  |  P=0.923 R=1.000 F1=0.960 (tol=8) | mean_err=0.0 median_err=0.0
Predicting for data/build/linux/O3/rosetta_v06_00393_Dot-product_dot-product_stripped (threshold=0.55, post_filter=on, merge_window=4)
Post-filter removed 0 candidate(s).
jt-filter removed 0 candidate(s).
leaf-rescue added 0 candidate(s).
aligned-rescue added 0 candidate(s).
wrapper-shift adjusted 0 candidate(s).
ret-stub adjusted 0 candidate(s).
Wrote predictions -> out/rosetta_v06_00393_Dot-product_dot-product.json (10 functions).
TP=10 FP=0 FN=0  |  P=1.000 R=1.000 F1=1.000 (tol=8) | mean_err=0.0 median_err=0.0
Predicting for data/build/linux/O3/rosetta_v06_01266_Set-consolidation_set-consolidation-1_stripped (threshold=0.55, post_filter=on, merge_window=4)
Post-filter removed 0 candidate(s).
jt-filter removed 0 candidate(s).
leaf-rescue added 0 candidate(s).
aligned-rescue added 0 candidate(s).
wrapper-shift adjusted 0 candidate(s).
ret-stub adjusted 0 candidate(s).
Wrote predictions -> out/rosetta_v06_01266_Set-consolidation_set-consolidation-1.json (10 functions).
TP=10 FP=0 FN=1  |  P=1.000 R=0.909 F1=0.952 (tol=8) | mean_err=0.0 median_err=0.0
Predicting for data/build/linux/O3/rosetta_v06_01287_Sierpinski-triangle-Graphical_sierpinski-triangle-graphical_stripped (threshold=0.55, post_filter=on, merge_window=4)
Post-filter removed 0 candidate(s).
jt-filter removed 0 candidate(s).
leaf-rescue added 0 candidate(s).
aligned-rescue added 0 candidate(s).
wrapper-shift adjusted 0 candidate(s).
ret-stub adjusted 0 candidate(s).
Wrote predictions -> out/rosetta_v06_01287_Sierpinski-triangle-Graphical_sierpinski-triangle-graphical.json (13 functions).
TP=13 FP=0 FN=0  |  P=1.000 R=1.000 F1=1.000 (tol=8) | mean_err=0.0 median_err=0.0
Predicting for data/build/linux/O3/rosetta_v06_00600_Golden-ratio-Convergence_golden-ratio-convergence_stripped (threshold=0.55, post_filter=on, merge_window=4)
Post-filter removed 0 candidate(s).
jt-filter removed 0 candidate(s).
leaf-rescue added 0 candidate(s).
aligned-rescue added 0 candidate(s).
wrapper-shift adjusted 0 candidate(s).
ret-stub adjusted 0 candidate(s).
Wrote predictions -> out/rosetta_v06_00600_Golden-ratio-Convergence_golden-ratio-convergence.json (7 functions).
TP=7 FP=0 FN=0  |  P=1.000 R=1.000 F1=1.000 (tol=8) | mean_err=0.0 median_err=0.0
Predicting for data/build/linux/O3/rosetta_v06_01130_Pseudo-random-numbers-Middle-square-method_pseudo-random-numbers-middle-square-method_stripped (threshold=0.55, post_filter=on, merge_window=4)
Post-filter removed 0 candidate(s).
jt-filter removed 0 candidate(s).
leaf-rescue added 0 candidate(s).
aligned-rescue added 0 candidate(s).
wrapper-shift adjusted 0 candidate(s).
ret-stub adjusted 0 candidate(s).
Wrote predictions -> out/rosetta_v06_01130_Pseudo-random-numbers-Middle-square-method_pseudo-random-numbers-middle-square-method.json (9 functions).
TP=9 FP=0 FN=1  |  P=1.000 R=0.900 F1=0.947 (tol=8) | mean_err=0.0 median_err=0.0
Predicting for data/build/linux/O3/rosetta_v06_01098_Pragmatic-directives_pragmatic-directives_stripped (threshold=0.55, post_filter=on, merge_window=4)
Post-filter removed 0 candidate(s).
jt-filter removed 0 candidate(s).
leaf-rescue added 0 candidate(s).
aligned-rescue added 0 candidate(s).
wrapper-shift adjusted 0 candidate(s).
ret-stub adjusted 0 candidate(s).
Wrote predictions -> out/rosetta_v06_01098_Pragmatic-directives_pragmatic-directives.json (9 functions).
TP=9 FP=0 FN=0  |  P=1.000 R=1.000 F1=1.000 (tol=8) | mean_err=0.0 median_err=0.0
Predicting for data/build/linux/O3/rosetta_v06_00940_N-queens-problem_n-queens-problem-4_stripped (threshold=0.55, post_filter=on, merge_window=4)
Post-filter removed 0 candidate(s).
jt-filter removed 0 candidate(s).
leaf-rescue added 0 candidate(s).
aligned-rescue added 0 candidate(s).
wrapper-shift adjusted 0 candidate(s).
ret-stub adjusted 0 candidate(s).
Wrote predictions -> out/rosetta_v06_00940_N-queens-problem_n-queens-problem-4.json (10 functions).
TP=10 FP=0 FN=0  |  P=1.000 R=1.000 F1=1.000 (tol=8) | mean_err=0.0 median_err=0.0
Predicting for data/build/linux/O3/rosetta_v06_01494_Tonelli-Shanks-algorithm_tonelli-shanks-algorithm-2_stripped (threshold=0.55, post_filter=on, merge_window=4)
Post-filter removed 0 candidate(s).
jt-filter removed 0 candidate(s).
leaf-rescue added 0 candidate(s).
aligned-rescue added 0 candidate(s).
wrapper-shift adjusted 0 candidate(s).
ret-stub adjusted 0 candidate(s).
Wrote predictions -> out/rosetta_v06_01494_Tonelli-Shanks-algorithm_tonelli-shanks-algorithm-2.json (11 functions).
TP=11 FP=0 FN=0  |  P=1.000 R=1.000 F1=1.000 (tol=8) | mean_err=0.0 median_err=0.0
Predicting for data/build/linux/O3/rosetta_v06_00088_Arithmetic-Rational_arithmetic-rational_stripped (threshold=0.55, post_filter=on, merge_window=4)
Post-filter removed 0 candidate(s).
jt-filter removed 0 candidate(s).
leaf-rescue added 1 candidate(s).
aligned-rescue added 0 candidate(s).
wrapper-shift adjusted 5 candidate(s).
ret-stub adjusted 0 candidate(s).
Wrote predictions -> out/rosetta_v06_00088_Arithmetic-Rational_arithmetic-rational.json (20 functions).
TP=16 FP=4 FN=3  |  P=0.800 R=0.842 F1=0.821 (tol=8) | mean_err=0.0 median_err=0.0
Predicting for data/build/linux/O3/rosetta_v06_00735_Kaprekar-numbers_kaprekar-numbers-1_stripped (threshold=0.55, post_filter=on, merge_window=4)
Post-filter removed 0 candidate(s).
jt-filter removed 0 candidate(s).
leaf-rescue added 0 candidate(s).
aligned-rescue added 0 candidate(s).
wrapper-shift adjusted 0 candidate(s).
ret-stub adjusted 0 candidate(s).
Wrote predictions -> out/rosetta_v06_00735_Kaprekar-numbers_kaprekar-numbers-1.json (11 functions).
TP=11 FP=0 FN=0  |  P=1.000 R=1.000 F1=1.000 (tol=8) | mean_err=0.0 median_err=0.0
Predicting for data/build/linux/O3/rosetta_v06_00778_Levenshtein-distance-Alignment_levenshtein-distance-alignment_stripped (threshold=0.55, post_filter=on, merge_window=4)
Post-filter removed 0 candidate(s).
jt-filter removed 0 candidate(s).
leaf-rescue added 0 candidate(s).
aligned-rescue added 0 candidate(s).
wrapper-shift adjusted 0 candidate(s).
ret-stub adjusted 0 candidate(s).
Wrote predictions -> out/rosetta_v06_00778_Levenshtein-distance-Alignment_levenshtein-distance-alignment.json (10 functions).
TP=10 FP=0 FN=0  |  P=1.000 R=1.000 F1=1.000 (tol=8) | mean_err=0.0 median_err=0.0
Predicting for data/build/linux/O3/rosetta_v06_00189_Box-the-compass_box-the-compass_stripped (threshold=0.55, post_filter=on, merge_window=4)
Post-filter removed 0 candidate(s).
jt-filter removed 0 candidate(s).
leaf-rescue added 0 candidate(s).
aligned-rescue added 0 candidate(s).
wrapper-shift adjusted 0 candidate(s).
ret-stub adjusted 0 candidate(s).
Wrote predictions -> out/rosetta_v06_00189_Box-the-compass_box-the-compass.json (9 functions).
TP=9 FP=0 FN=0  |  P=1.000 R=1.000 F1=1.000 (tol=8) | mean_err=0.0 median_err=0.0
Predicting for data/build/linux/O3/rosetta_v06_01615_Y-combinator_y-combinator_stripped (threshold=0.55, post_filter=on, merge_window=4)
Post-filter removed 0 candidate(s).
jt-filter removed 0 candidate(s).
leaf-rescue added 0 candidate(s).
aligned-rescue added 0 candidate(s).
wrapper-shift adjusted 0 candidate(s).
ret-stub adjusted 0 candidate(s).
Wrote predictions -> out/rosetta_v06_01615_Y-combinator_y-combinator.json (14 functions).
TP=14 FP=0 FN=2  |  P=1.000 R=0.875 F1=0.933 (tol=8) | mean_err=0.0 median_err=0.0
Predicting for data/build/linux/O3/rosetta_v06_01563_Verify-distribution-uniformity-Chi-squared-test_verify-distribution-uniformity-chi-squared-test-1_stripped (threshold=0.55, post_filter=on, merge_window=4)
Post-filter removed 0 candidate(s).
jt-filter removed 0 candidate(s).
leaf-rescue added 0 candidate(s).
aligned-rescue added 0 candidate(s).
wrapper-shift adjusted 0 candidate(s).
ret-stub adjusted 0 candidate(s).
Wrote predictions -> out/rosetta_v06_01563_Verify-distribution-uniformity-Chi-squared-test_verify-distribution-uniformity-chi-squared-test-1.json (10 functions).
TP=10 FP=0 FN=0  |  P=1.000 R=1.000 F1=1.000 (tol=8) | mean_err=0.0 median_err=0.0
Predicting for data/build/linux/O3/rosetta_v06_00440_Ethiopian-multiplication_ethiopian-multiplication_stripped (threshold=0.55, post_filter=on, merge_window=4)
Post-filter removed 0 candidate(s).
jt-filter removed 0 candidate(s).
leaf-rescue added 2 candidate(s).
aligned-rescue added 0 candidate(s).
wrapper-shift adjusted 0 candidate(s).
ret-stub adjusted 0 candidate(s).
Wrote predictions -> out/rosetta_v06_00440_Ethiopian-multiplication_ethiopian-multiplication.json (13 functions).
TP=13 FP=0 FN=0  |  P=1.000 R=1.000 F1=1.000 (tol=8) | mean_err=0.0 median_err=0.0
Predicting for data/build/linux/O3/rosetta_v06_00318_Count-the-coins_count-the-coins-1_stripped (threshold=0.55, post_filter=on, merge_window=4)
Post-filter removed 0 candidate(s).
jt-filter removed 0 candidate(s).
leaf-rescue added 0 candidate(s).
aligned-rescue added 0 candidate(s).
wrapper-shift adjusted 0 candidate(s).
ret-stub adjusted 0 candidate(s).
Wrote predictions -> out/rosetta_v06_00318_Count-the-coins_count-the-coins-1.json (12 functions).
TP=12 FP=0 FN=0  |  P=1.000 R=1.000 F1=1.000 (tol=8) | mean_err=0.0 median_err=0.0
Predicting for data/build/linux/O3/rosetta_v06_01590_Word-wheel_word-wheel_stripped (threshold=0.55, post_filter=on, merge_window=4)
Post-filter removed 0 candidate(s).
jt-filter removed 0 candidate(s).
leaf-rescue added 0 candidate(s).
aligned-rescue added 0 candidate(s).
wrapper-shift adjusted 0 candidate(s).
ret-stub adjusted 0 candidate(s).
Wrote predictions -> out/rosetta_v06_01590_Word-wheel_word-wheel.json (11 functions).
TP=11 FP=0 FN=2  |  P=1.000 R=0.846 F1=0.917 (tol=8) | mean_err=0.0 median_err=0.0
Predicting for data/build/linux/O3/rosetta_v06_00696_Increment-a-numerical-string_increment-a-numerical-string_stripped (threshold=0.55, post_filter=on, merge_window=4)
Post-filter removed 0 candidate(s).
jt-filter removed 0 candidate(s).
leaf-rescue added 0 candidate(s).
aligned-rescue added 0 candidate(s).
wrapper-shift adjusted 0 candidate(s).
ret-stub adjusted 0 candidate(s).
Wrote predictions -> out/rosetta_v06_00696_Increment-a-numerical-string_increment-a-numerical-string.json (11 functions).
TP=11 FP=0 FN=0  |  P=1.000 R=1.000 F1=1.000 (tol=8) | mean_err=0.0 median_err=0.0
Predicting for data/build/linux/O3/rosetta_v06_00865_Maximum-triangle-path-sum_maximum-triangle-path-sum_stripped (threshold=0.55, post_filter=on, merge_window=4)
Post-filter removed 0 candidate(s).
jt-filter removed 0 candidate(s).
leaf-rescue added 0 candidate(s).
aligned-rescue added 0 candidate(s).
wrapper-shift adjusted 0 candidate(s).
ret-stub adjusted 0 candidate(s).
Wrote predictions -> out/rosetta_v06_00865_Maximum-triangle-path-sum_maximum-triangle-path-sum.json (9 functions).
TP=9 FP=0 FN=0  |  P=1.000 R=1.000 F1=1.000 (tol=8) | mean_err=0.0 median_err=0.0
Predicting for data/build/linux/O3/rosetta_v06_00326_Create-a-two-dimensional-array-at-runtime_create-a-two-dimensional-array-at-runtime-4_stripped (threshold=0.55, post_filter=on, merge_window=4)
Post-filter removed 0 candidate(s).
jt-filter removed 0 candidate(s).
leaf-rescue added 0 candidate(s).
aligned-rescue added 0 candidate(s).
wrapper-shift adjusted 0 candidate(s).
ret-stub adjusted 0 candidate(s).
Wrote predictions -> out/rosetta_v06_00326_Create-a-two-dimensional-array-at-runtime_create-a-two-dimensional-array-at-runtime-4.json (9 functions).
TP=9 FP=0 FN=0  |  P=1.000 R=1.000 F1=1.000 (tol=8) | mean_err=0.0 median_err=0.0
Predicting for data/build/linux/O3/rosetta_v06_01554_Variables_variables-1_stripped (threshold=0.55, post_filter=on, merge_window=4)
Post-filter removed 0 candidate(s).
jt-filter removed 0 candidate(s).
leaf-rescue added 0 candidate(s).
aligned-rescue added 0 candidate(s).
wrapper-shift adjusted 0 candidate(s).
ret-stub adjusted 0 candidate(s).
Wrote predictions -> out/rosetta_v06_01554_Variables_variables-1.json (6 functions).
TP=6 FP=0 FN=0  |  P=1.000 R=1.000 F1=1.000 (tol=8) | mean_err=0.0 median_err=0.0
Predicting for data/build/linux/O3/rosetta_v06_00013_21-game_21-game_stripped (threshold=0.55, post_filter=on, merge_window=4)
Post-filter removed 0 candidate(s).
jt-filter removed 0 candidate(s).
leaf-rescue added 0 candidate(s).
aligned-rescue added 0 candidate(s).
wrapper-shift adjusted 0 candidate(s).
ret-stub adjusted 0 candidate(s).
Wrote predictions -> out/rosetta_v06_00013_21-game_21-game.json (13 functions).
TP=12 FP=1 FN=0  |  P=0.923 R=1.000 F1=0.960 (tol=8) | mean_err=0.0 median_err=0.0
Predicting for data/build/linux/O3/rosetta_v06_00919_Multiplication-tables_multiplication-tables_stripped (threshold=0.55, post_filter=on, merge_window=4)
Post-filter removed 0 candidate(s).
jt-filter removed 0 candidate(s).
leaf-rescue added 0 candidate(s).
aligned-rescue added 0 candidate(s).
wrapper-shift adjusted 0 candidate(s).
ret-stub adjusted 0 candidate(s).
Wrote predictions -> out/rosetta_v06_00919_Multiplication-tables_multiplication-tables.json (9 functions).
TP=9 FP=0 FN=0  |  P=1.000 R=1.000 F1=1.000 (tol=8) | mean_err=0.0 median_err=0.0
Predicting for data/build/linux/O3/rosetta_v06_01436_Sum-to-100_sum-to-100-1_stripped (threshold=0.55, post_filter=on, merge_window=4)
Post-filter removed 0 candidate(s).
jt-filter removed 0 candidate(s).
leaf-rescue added 0 candidate(s).
aligned-rescue added 0 candidate(s).
wrapper-shift adjusted 0 candidate(s).
ret-stub adjusted 0 candidate(s).
Wrote predictions -> out/rosetta_v06_01436_Sum-to-100_sum-to-100-1.json (11 functions).
TP=11 FP=0 FN=4  |  P=1.000 R=0.733 F1=0.846 (tol=8) | mean_err=0.0 median_err=0.0
Predicting for data/build/linux/O3/rosetta_v06_01330_Sorting-algorithms-Cocktail-sort_sorting-algorithms-cocktail-sort-3_stripped (threshold=0.55, post_filter=on, merge_window=4)
Post-filter removed 0 candidate(s).
jt-filter removed 0 candidate(s).
leaf-rescue added 0 candidate(s).
aligned-rescue added 0 candidate(s).
wrapper-shift adjusted 0 candidate(s).
ret-stub adjusted 0 candidate(s).
Wrote predictions -> out/rosetta_v06_01330_Sorting-algorithms-Cocktail-sort_sorting-algorithms-cocktail-sort-3.json (12 functions).
TP=12 FP=0 FN=1  |  P=1.000 R=0.923 F1=0.960 (tol=8) | mean_err=0.4 median_err=0.0
Predicting for data/build/linux/O3/rosetta_v06_01466_Terminal-control-Inverse-video_terminal-control-inverse-video_stripped (threshold=0.55, post_filter=on, merge_window=4)
Post-filter removed 0 candidate(s).
jt-filter removed 0 candidate(s).
leaf-rescue added 0 candidate(s).
aligned-rescue added 0 candidate(s).
wrapper-shift adjusted 0 candidate(s).
ret-stub adjusted 0 candidate(s).
Wrote predictions -> out/rosetta_v06_01466_Terminal-control-Inverse-video_terminal-control-inverse-video.json (9 functions).
TP=9 FP=0 FN=0  |  P=1.000 R=1.000 F1=1.000 (tol=8) | mean_err=0.0 median_err=0.0
Predicting for data/build/linux/O3/rosetta_v06_01034_Pascals-triangle-Puzzle_pascals-triangle-puzzle-2_stripped (threshold=0.55, post_filter=on, merge_window=4)
Post-filter removed 0 candidate(s).
jt-filter removed 0 candidate(s).
leaf-rescue added 0 candidate(s).
aligned-rescue added 0 candidate(s).
wrapper-shift adjusted 0 candidate(s).
ret-stub adjusted 0 candidate(s).
Wrote predictions -> out/rosetta_v06_01034_Pascals-triangle-Puzzle_pascals-triangle-puzzle-2.json (12 functions).
TP=11 FP=1 FN=0  |  P=0.917 R=1.000 F1=0.957 (tol=8) | mean_err=0.0 median_err=0.0
Predicting for data/build/linux/O3/rosetta_v06_00061_Anagrams_anagrams-1_stripped (threshold=0.55, post_filter=on, merge_window=4)
Post-filter removed 0 candidate(s).
jt-filter removed 0 candidate(s).
leaf-rescue added 0 candidate(s).
aligned-rescue added 0 candidate(s).
wrapper-shift adjusted 0 candidate(s).
ret-stub adjusted 0 candidate(s).
Wrote predictions -> out/rosetta_v06_00061_Anagrams_anagrams-1.json (11 functions).
TP=11 FP=0 FN=1  |  P=1.000 R=0.917 F1=0.957 (tol=8) | mean_err=0.0 median_err=0.0
Predicting for data/build/linux/O3/rosetta_v06_00864_Matrix-transposition_matrix-transposition-2_stripped (threshold=0.55, post_filter=on, merge_window=4)
Post-filter removed 0 candidate(s).
jt-filter removed 0 candidate(s).
leaf-rescue added 0 candidate(s).
aligned-rescue added 0 candidate(s).
wrapper-shift adjusted 0 candidate(s).
ret-stub adjusted 0 candidate(s).
Wrote predictions -> out/rosetta_v06_00864_Matrix-transposition_matrix-transposition-2.json (12 functions).
TP=11 FP=1 FN=0  |  P=0.917 R=1.000 F1=0.957 (tol=8) | mean_err=0.7 median_err=0.0
Predicting for data/build/linux/O3/rosetta_v06_01209_Rock-paper-scissors_rock-paper-scissors-1_stripped (threshold=0.55, post_filter=on, merge_window=4)
Post-filter removed 0 candidate(s).
jt-filter removed 0 candidate(s).
leaf-rescue added 0 candidate(s).
aligned-rescue added 0 candidate(s).
wrapper-shift adjusted 0 candidate(s).
ret-stub adjusted 0 candidate(s).
Wrote predictions -> out/rosetta_v06_01209_Rock-paper-scissors_rock-paper-scissors-1.json (10 functions).
TP=10 FP=0 FN=0  |  P=1.000 R=1.000 F1=1.000 (tol=8) | mean_err=0.0 median_err=0.0
Predicting for data/build/linux/O3/rosetta_v06_01516_Two-bullet-roulette_two-bullet-roulette_stripped (threshold=0.55, post_filter=on, merge_window=4)
Post-filter removed 0 candidate(s).
jt-filter removed 0 candidate(s).
leaf-rescue added 0 candidate(s).
aligned-rescue added 0 candidate(s).
wrapper-shift adjusted 0 candidate(s).
ret-stub adjusted 0 candidate(s).
Wrote predictions -> out/rosetta_v06_01516_Two-bullet-roulette_two-bullet-roulette.json (10 functions).
TP=10 FP=0 FN=0  |  P=1.000 R=1.000 F1=1.000 (tol=8) | mean_err=0.0 median_err=0.0
Predicting for data/build/linux/O3/rosetta_v06_01385_Stem-and-leaf-plot_stem-and-leaf-plot-1_stripped (threshold=0.55, post_filter=on, merge_window=4)
Post-filter removed 0 candidate(s).
jt-filter removed 0 candidate(s).
leaf-rescue added 0 candidate(s).
aligned-rescue added 0 candidate(s).
wrapper-shift adjusted 0 candidate(s).
ret-stub adjusted 0 candidate(s).
Wrote predictions -> out/rosetta_v06_01385_Stem-and-leaf-plot_stem-and-leaf-plot-1.json (11 functions).
TP=11 FP=0 FN=0  |  P=1.000 R=1.000 F1=1.000 (tol=8) | mean_err=0.0 median_err=0.0
Predicting for data/build/linux/O3/rosetta_v06_00209_Calculating-the-value-of-e_calculating-the-value-of-e-1_stripped (threshold=0.55, post_filter=on, merge_window=4)
Post-filter removed 0 candidate(s).
jt-filter removed 0 candidate(s).
leaf-rescue added 0 candidate(s).
aligned-rescue added 0 candidate(s).
wrapper-shift adjusted 0 candidate(s).
ret-stub adjusted 0 candidate(s).
Wrote predictions -> out/rosetta_v06_00209_Calculating-the-value-of-e_calculating-the-value-of-e-1.json (9 functions).
TP=9 FP=0 FN=0  |  P=1.000 R=1.000 F1=1.000 (tol=8) | mean_err=0.0 median_err=0.0
Predicting for data/build/linux/O3/rosetta_v06_01508_Trigonometric-functions_trigonometric-functions_stripped (threshold=0.55, post_filter=on, merge_window=4)
Post-filter removed 0 candidate(s).
jt-filter removed 0 candidate(s).
leaf-rescue added 0 candidate(s).
aligned-rescue added 0 candidate(s).
wrapper-shift adjusted 0 candidate(s).
ret-stub adjusted 0 candidate(s).
Wrote predictions -> out/rosetta_v06_01508_Trigonometric-functions_trigonometric-functions.json (9 functions).
TP=9 FP=0 FN=0  |  P=1.000 R=1.000 F1=1.000 (tol=8) | mean_err=0.0 median_err=0.0
Predicting for data/build/linux/O3/rosetta_v06_00285_Compiler-code-generator_compiler-code-generator_stripped (threshold=0.55, post_filter=on, merge_window=4)
Post-filter removed 0 candidate(s).
jt-filter removed 0 candidate(s).
leaf-rescue added 0 candidate(s).
aligned-rescue added 0 candidate(s).
wrapper-shift adjusted 0 candidate(s).
ret-stub adjusted 0 candidate(s).
Wrote predictions -> out/rosetta_v06_00285_Compiler-code-generator_compiler-code-generator.json (24 functions).
TP=23 FP=1 FN=4  |  P=0.958 R=0.852 F1=0.902 (tol=8) | mean_err=0.0 median_err=0.0
Predicting for data/build/linux/O3/rosetta_v06_00501_Fibonacci-word_fibonacci-word_stripped (threshold=0.55, post_filter=on, merge_window=4)
Post-filter removed 0 candidate(s).
jt-filter removed 0 candidate(s).
leaf-rescue added 0 candidate(s).
aligned-rescue added 0 candidate(s).
wrapper-shift adjusted 0 candidate(s).
ret-stub adjusted 0 candidate(s).
Wrote predictions -> out/rosetta_v06_00501_Fibonacci-word_fibonacci-word.json (12 functions).
TP=12 FP=0 FN=1  |  P=1.000 R=0.923 F1=0.960 (tol=8) | mean_err=0.0 median_err=0.0
Predicting for data/build/linux/O3/rosetta_v06_01518_UPC_upc_stripped (threshold=0.55, post_filter=on, merge_window=4)
Post-filter removed 0 candidate(s).
jt-filter removed 0 candidate(s).
leaf-rescue added 0 candidate(s).
aligned-rescue added 0 candidate(s).
wrapper-shift adjusted 0 candidate(s).
ret-stub adjusted 0 candidate(s).
Wrote predictions -> out/rosetta_v06_01518_UPC_upc.json (13 functions).
TP=12 FP=1 FN=1  |  P=0.923 R=0.923 F1=0.923 (tol=8) | mean_err=0.0 median_err=0.0
Predicting for data/build/linux/O3/rosetta_v06_01309_Smarandache-prime-digital-sequence_smarandache-prime-digital-sequence_stripped (threshold=0.55, post_filter=on, merge_window=4)
Post-filter removed 0 candidate(s).
jt-filter removed 0 candidate(s).
leaf-rescue added 0 candidate(s).
aligned-rescue added 0 candidate(s).
wrapper-shift adjusted 0 candidate(s).
ret-stub adjusted 1 candidate(s).
Wrote predictions -> out/rosetta_v06_01309_Smarandache-prime-digital-sequence_smarandache-prime-digital-sequence.json (11 functions).
TP=11 FP=0 FN=0  |  P=1.000 R=1.000 F1=1.000 (tol=8) | mean_err=0.0 median_err=0.0
